D:/CubeMX/250805_01_mini_prj/Core/Src/main.c:193:5:main	24	static
D:/CubeMX/250805_01_mini_prj/Core/Src/main.c:290:6:SystemClock_Config	88	static
D:/CubeMX/250805_01_mini_prj/Core/Src/main.c:337:13:MX_ADC1_Init	24	static
D:/CubeMX/250805_01_mini_prj/Core/Src/main.c:389:13:MX_I2C1_Init	8	static
D:/CubeMX/250805_01_mini_prj/Core/Src/main.c:423:13:MX_TIM2_Init	48	static
D:/CubeMX/250805_01_mini_prj/Core/Src/main.c:472:13:MX_USART1_UART_Init	8	static
D:/CubeMX/250805_01_mini_prj/Core/Src/main.c:505:13:MX_USART2_UART_Init	8	static
D:/CubeMX/250805_01_mini_prj/Core/Src/main.c:538:13:MX_GPIO_Init	48	static
D:/CubeMX/250805_01_mini_prj/Core/Src/main.c:579:6:HAL_UART_RxCpltCallback	24	static
D:/CubeMX/250805_01_mini_prj/Core/Src/main.c:651:6:SetPixelByPos	24	static
D:/CubeMX/250805_01_mini_prj/Core/Src/main.c:658:6:ResetPixelByPos	24	static
D:/CubeMX/250805_01_mini_prj/Core/Src/main.c:665:6:SetPixelByXY	24	static
D:/CubeMX/250805_01_mini_prj/Core/Src/main.c:672:6:ResetPixelByXY	24	static
D:/CubeMX/250805_01_mini_prj/Core/Src/main.c:680:6:ResetPixel	40	static
D:/CubeMX/250805_01_mini_prj/Core/Src/main.c:756:6:SetPixel	40	static
D:/CubeMX/250805_01_mini_prj/Core/Src/main.c:827:6:MoveByDir	16	static
D:/CubeMX/250805_01_mini_prj/Core/Src/main.c:834:6:MovePlayer	16	static
D:/CubeMX/250805_01_mini_prj/Core/Src/main.c:852:6:FireBullet	24	static
D:/CubeMX/250805_01_mini_prj/Core/Src/main.c:874:6:SummonBullet	24	static
D:/CubeMX/250805_01_mini_prj/Core/Src/main.c:899:6:CheckHitBullet	24	static
D:/CubeMX/250805_01_mini_prj/Core/Src/main.c:924:6:SummonWall	16	static
D:/CubeMX/250805_01_mini_prj/Core/Src/main.c:966:6:CheckHitWall	24	static
D:/CubeMX/250805_01_mini_prj/Core/Src/main.c:993:6:Init	8	static
D:/CubeMX/250805_01_mini_prj/Core/Src/main.c:1006:6:InitSceneClear	4	static
D:/CubeMX/250805_01_mini_prj/Core/Src/main.c:1024:6:InitSceneMenu	4	static
D:/CubeMX/250805_01_mini_prj/Core/Src/main.c:1028:6:InitSceneWaiting	4	static
D:/CubeMX/250805_01_mini_prj/Core/Src/main.c:1032:6:InitSceneShooting	8	static
D:/CubeMX/250805_01_mini_prj/Core/Src/main.c:1051:6:InitSceneResult	4	static
D:/CubeMX/250805_01_mini_prj/Core/Src/main.c:1056:6:Update	8	static
D:/CubeMX/250805_01_mini_prj/Core/Src/main.c:1091:6:UpdateSceneClear	8	static
D:/CubeMX/250805_01_mini_prj/Core/Src/main.c:1176:6:UpdateSceneMenu	8	static
D:/CubeMX/250805_01_mini_prj/Core/Src/main.c:1224:6:UpdateSceneWaiting	24	static
D:/CubeMX/250805_01_mini_prj/Core/Src/main.c:1250:6:UpdateSceneShooting	16	static
D:/CubeMX/250805_01_mini_prj/Core/Src/main.c:1299:6:UpdateSceneResult	4	static
D:/CubeMX/250805_01_mini_prj/Core/Src/main.c:1308:6:UpdateBullets	48	static
D:/CubeMX/250805_01_mini_prj/Core/Src/main.c:1381:6:UpdateWalls	24	static
D:/CubeMX/250805_01_mini_prj/Core/Src/main.c:1421:6:RenderPixel	40	static
D:/CubeMX/250805_01_mini_prj/Core/Src/main.c:1529:6:Render	8	static
D:/CubeMX/250805_01_mini_prj/Core/Src/main.c:1563:6:RenderSceneMenu	16	static
D:/CubeMX/250805_01_mini_prj/Core/Src/main.c:1582:6:RenderSceneWaiting	8	static
D:/CubeMX/250805_01_mini_prj/Core/Src/main.c:1589:6:RenderSceneResult	8	static
D:/CubeMX/250805_01_mini_prj/Core/Src/main.c:1595:6:PlayBGM	8	static
D:/CubeMX/250805_01_mini_prj/Core/Src/main.c:1616:6:ChangeScene	8	static
D:/CubeMX/250805_01_mini_prj/Core/Src/main.c:1668:6:StartDefaultTask	16	static
D:/CubeMX/250805_01_mini_prj/Core/Src/main.c:1697:6:StartTask02	32	static
D:/CubeMX/250805_01_mini_prj/Core/Src/main.c:1769:6:StartTask03	16	static
D:/CubeMX/250805_01_mini_prj/Core/Src/main.c:1790:6:HAL_TIM_PeriodElapsedCallback	16	static
D:/CubeMX/250805_01_mini_prj/Core/Src/main.c:1808:6:Error_Handler	4	static,ignoring_inline_asm
