D:/CubeMX/250805_01_mini_prj/Core/Src/main.c:193:5:main	1
D:/CubeMX/250805_01_mini_prj/Core/Src/main.c:290:6:SystemClock_Config	3
D:/CubeMX/250805_01_mini_prj/Core/Src/main.c:337:13:MX_ADC1_Init	3
D:/CubeMX/250805_01_mini_prj/Core/Src/main.c:389:13:MX_I2C1_Init	2
D:/CubeMX/250805_01_mini_prj/Core/Src/main.c:423:13:MX_TIM2_Init	4
D:/CubeMX/250805_01_mini_prj/Core/Src/main.c:472:13:MX_USART1_UART_Init	2
D:/CubeMX/250805_01_mini_prj/Core/Src/main.c:505:13:MX_USART2_UART_Init	2
D:/CubeMX/250805_01_mini_prj/Core/Src/main.c:538:13:MX_GPIO_Init	1
D:/CubeMX/250805_01_mini_prj/Core/Src/main.c:579:6:HAL_UART_RxCpltCallback	20
D:/CubeMX/250805_01_mini_prj/Core/Src/main.c:651:6:SetPixelByPos	6
D:/CubeMX/250805_01_mini_prj/Core/Src/main.c:658:6:ResetPixelByPos	6
D:/CubeMX/250805_01_mini_prj/Core/Src/main.c:665:6:SetPixelByXY	6
D:/CubeMX/250805_01_mini_prj/Core/Src/main.c:672:6:ResetPixelByXY	6
D:/CubeMX/250805_01_mini_prj/Core/Src/main.c:680:6:ResetPixel	21
D:/CubeMX/250805_01_mini_prj/Core/Src/main.c:756:6:SetPixel	24
D:/CubeMX/250805_01_mini_prj/Core/Src/main.c:827:6:MoveByDir	5
D:/CubeMX/250805_01_mini_prj/Core/Src/main.c:834:6:MovePlayer	5
D:/CubeMX/250805_01_mini_prj/Core/Src/main.c:852:6:FireBullet	5
D:/CubeMX/250805_01_mini_prj/Core/Src/main.c:874:6:SummonBullet	5
D:/CubeMX/250805_01_mini_prj/Core/Src/main.c:899:6:CheckHitBullet	7
D:/CubeMX/250805_01_mini_prj/Core/Src/main.c:924:6:SummonWall	8
D:/CubeMX/250805_01_mini_prj/Core/Src/main.c:966:6:CheckHitWall	7
D:/CubeMX/250805_01_mini_prj/Core/Src/main.c:993:6:Init	1
D:/CubeMX/250805_01_mini_prj/Core/Src/main.c:1006:6:InitSceneClear	1
D:/CubeMX/250805_01_mini_prj/Core/Src/main.c:1024:6:InitSceneMenu	1
D:/CubeMX/250805_01_mini_prj/Core/Src/main.c:1028:6:InitSceneWaiting	1
D:/CubeMX/250805_01_mini_prj/Core/Src/main.c:1032:6:InitSceneShooting	1
D:/CubeMX/250805_01_mini_prj/Core/Src/main.c:1051:6:InitSceneResult	1
D:/CubeMX/250805_01_mini_prj/Core/Src/main.c:1056:6:Update	6
D:/CubeMX/250805_01_mini_prj/Core/Src/main.c:1091:6:UpdateSceneClear	23
D:/CubeMX/250805_01_mini_prj/Core/Src/main.c:1176:6:UpdateSceneMenu	10
D:/CubeMX/250805_01_mini_prj/Core/Src/main.c:1224:6:UpdateSceneWaiting	4
D:/CubeMX/250805_01_mini_prj/Core/Src/main.c:1250:6:UpdateSceneShooting	10
D:/CubeMX/250805_01_mini_prj/Core/Src/main.c:1299:6:UpdateSceneResult	2
D:/CubeMX/250805_01_mini_prj/Core/Src/main.c:1308:6:UpdateBullets	17
D:/CubeMX/250805_01_mini_prj/Core/Src/main.c:1381:6:UpdateWalls	9
D:/CubeMX/250805_01_mini_prj/Core/Src/main.c:1421:6:RenderPixel	19
D:/CubeMX/250805_01_mini_prj/Core/Src/main.c:1529:6:Render	5
D:/CubeMX/250805_01_mini_prj/Core/Src/main.c:1563:6:RenderSceneMenu	3
D:/CubeMX/250805_01_mini_prj/Core/Src/main.c:1582:6:RenderSceneWaiting	1
D:/CubeMX/250805_01_mini_prj/Core/Src/main.c:1589:6:RenderSceneResult	2
D:/CubeMX/250805_01_mini_prj/Core/Src/main.c:1595:6:PlayBGM	3
D:/CubeMX/250805_01_mini_prj/Core/Src/main.c:1616:6:ChangeScene	7
D:/CubeMX/250805_01_mini_prj/Core/Src/main.c:1668:6:StartDefaultTask	2
D:/CubeMX/250805_01_mini_prj/Core/Src/main.c:1697:6:StartTask02	16
D:/CubeMX/250805_01_mini_prj/Core/Src/main.c:1769:6:StartTask03	1
D:/CubeMX/250805_01_mini_prj/Core/Src/main.c:1790:6:HAL_TIM_PeriodElapsedCallback	2
D:/CubeMX/250805_01_mini_prj/Core/Src/main.c:1808:6:Error_Handler	1
