D:/CubeMX/250805_01_mini_prj/Core/Src/my_lcd_i2c.c:17:6:lcd_init	24	static
D:/CubeMX/250805_01_mini_prj/Core/Src/my_lcd_i2c.c:46:6:lcd_send_cmd	16	static
D:/CubeMX/250805_01_mini_prj/Core/Src/my_lcd_i2c.c:50:6:lcd_send_data	16	static
D:/CubeMX/250805_01_mini_prj/Core/Src/my_lcd_i2c.c:54:6:lcd_send_raw_cmd	32	static
D:/CubeMX/250805_01_mini_prj/Core/Src/my_lcd_i2c.c:64:6:lcd_send_internal	32	static
D:/CubeMX/250805_01_mini_prj/Core/Src/my_lcd_i2c.c:77:6:lcd_send_string	16	static
D:/CubeMX/250805_01_mini_prj/Core/Src/my_lcd_i2c.c:84:6:lcd_clear	8	static
D:/CubeMX/250805_01_mini_prj/Core/Src/my_lcd_i2c.c:89:6:lcd_set_cursor	24	static
D:/CubeMX/250805_01_mini_prj/Core/Src/my_lcd_i2c.c:94:6:lcd_create_char	24	static
