Archive member included to satisfy reference by file (symbol)

C:/ST/STM32CubeIDE_1.19.0/STM32CubeIDE/plugins/com.st.stm32cube.ide.mcu.externaltools.gnu-tools-for-stm32.13.3.rel1.win32_1.0.0.202411081344/tools/bin/../lib/gcc/arm-none-eabi/13.3.1/../../../../arm-none-eabi/lib/thumb/v7e-m+fp/hard\libc_nano.a(libc_a-atoi.o)
                              ./Application/User/Core/main.o (atoi)
C:/ST/STM32CubeIDE_1.19.0/STM32CubeIDE/plugins/com.st.stm32cube.ide.mcu.externaltools.gnu-tools-for-stm32.13.3.rel1.win32_1.0.0.202411081344/tools/bin/../lib/gcc/arm-none-eabi/13.3.1/../../../../arm-none-eabi/lib/thumb/v7e-m+fp/hard\libc_nano.a(libc_a-exit.o)
                              C:/ST/STM32CubeIDE_1.19.0/STM32CubeIDE/plugins/com.st.stm32cube.ide.mcu.externaltools.gnu-tools-for-stm32.13.3.rel1.win32_1.0.0.202411081344/tools/bin/../lib/gcc/arm-none-eabi/13.3.1/../../../../arm-none-eabi/lib/thumb/v7e-m+fp/hard/crt0.o (exit)
C:/ST/STM32CubeIDE_1.19.0/STM32CubeIDE/plugins/com.st.stm32cube.ide.mcu.externaltools.gnu-tools-for-stm32.13.3.rel1.win32_1.0.0.202411081344/tools/bin/../lib/gcc/arm-none-eabi/13.3.1/../../../../arm-none-eabi/lib/thumb/v7e-m+fp/hard\libc_nano.a(libc_a-rand.o)
                              ./Application/User/Core/main.o (srand)
C:/ST/STM32CubeIDE_1.19.0/STM32CubeIDE/plugins/com.st.stm32cube.ide.mcu.externaltools.gnu-tools-for-stm32.13.3.rel1.win32_1.0.0.202411081344/tools/bin/../lib/gcc/arm-none-eabi/13.3.1/../../../../arm-none-eabi/lib/thumb/v7e-m+fp/hard\libc_nano.a(libc_a-strtol.o)
                              C:/ST/STM32CubeIDE_1.19.0/STM32CubeIDE/plugins/com.st.stm32cube.ide.mcu.externaltools.gnu-tools-for-stm32.13.3.rel1.win32_1.0.0.202411081344/tools/bin/../lib/gcc/arm-none-eabi/13.3.1/../../../../arm-none-eabi/lib/thumb/v7e-m+fp/hard\libc_nano.a(libc_a-atoi.o) (_strtol_r)
C:/ST/STM32CubeIDE_1.19.0/STM32CubeIDE/plugins/com.st.stm32cube.ide.mcu.externaltools.gnu-tools-for-stm32.13.3.rel1.win32_1.0.0.202411081344/tools/bin/../lib/gcc/arm-none-eabi/13.3.1/../../../../arm-none-eabi/lib/thumb/v7e-m+fp/hard\libc_nano.a(libc_a-ctype_.o)
                              C:/ST/STM32CubeIDE_1.19.0/STM32CubeIDE/plugins/com.st.stm32cube.ide.mcu.externaltools.gnu-tools-for-stm32.13.3.rel1.win32_1.0.0.202411081344/tools/bin/../lib/gcc/arm-none-eabi/13.3.1/../../../../arm-none-eabi/lib/thumb/v7e-m+fp/hard\libc_nano.a(libc_a-strtol.o) (_ctype_)
C:/ST/STM32CubeIDE_1.19.0/STM32CubeIDE/plugins/com.st.stm32cube.ide.mcu.externaltools.gnu-tools-for-stm32.13.3.rel1.win32_1.0.0.202411081344/tools/bin/../lib/gcc/arm-none-eabi/13.3.1/../../../../arm-none-eabi/lib/thumb/v7e-m+fp/hard\libc_nano.a(libc_a-findfp.o)
                              ./Middlewares/FreeRTOS/tasks.o (__sf)
C:/ST/STM32CubeIDE_1.19.0/STM32CubeIDE/plugins/com.st.stm32cube.ide.mcu.externaltools.gnu-tools-for-stm32.13.3.rel1.win32_1.0.0.202411081344/tools/bin/../lib/gcc/arm-none-eabi/13.3.1/../../../../arm-none-eabi/lib/thumb/v7e-m+fp/hard\libc_nano.a(libc_a-fwalk.o)
                              C:/ST/STM32CubeIDE_1.19.0/STM32CubeIDE/plugins/com.st.stm32cube.ide.mcu.externaltools.gnu-tools-for-stm32.13.3.rel1.win32_1.0.0.202411081344/tools/bin/../lib/gcc/arm-none-eabi/13.3.1/../../../../arm-none-eabi/lib/thumb/v7e-m+fp/hard\libc_nano.a(libc_a-findfp.o) (_fwalk_sglue)
C:/ST/STM32CubeIDE_1.19.0/STM32CubeIDE/plugins/com.st.stm32cube.ide.mcu.externaltools.gnu-tools-for-stm32.13.3.rel1.win32_1.0.0.202411081344/tools/bin/../lib/gcc/arm-none-eabi/13.3.1/../../../../arm-none-eabi/lib/thumb/v7e-m+fp/hard\libc_nano.a(libc_a-sprintf.o)
                              ./Application/User/Core/main.o (sprintf)
C:/ST/STM32CubeIDE_1.19.0/STM32CubeIDE/plugins/com.st.stm32cube.ide.mcu.externaltools.gnu-tools-for-stm32.13.3.rel1.win32_1.0.0.202411081344/tools/bin/../lib/gcc/arm-none-eabi/13.3.1/../../../../arm-none-eabi/lib/thumb/v7e-m+fp/hard\libc_nano.a(libc_a-stdio.o)
                              C:/ST/STM32CubeIDE_1.19.0/STM32CubeIDE/plugins/com.st.stm32cube.ide.mcu.externaltools.gnu-tools-for-stm32.13.3.rel1.win32_1.0.0.202411081344/tools/bin/../lib/gcc/arm-none-eabi/13.3.1/../../../../arm-none-eabi/lib/thumb/v7e-m+fp/hard\libc_nano.a(libc_a-findfp.o) (__sread)
C:/ST/STM32CubeIDE_1.19.0/STM32CubeIDE/plugins/com.st.stm32cube.ide.mcu.externaltools.gnu-tools-for-stm32.13.3.rel1.win32_1.0.0.202411081344/tools/bin/../lib/gcc/arm-none-eabi/13.3.1/../../../../arm-none-eabi/lib/thumb/v7e-m+fp/hard\libc_nano.a(libc_a-memset.o)
                              C:/ST/STM32CubeIDE_1.19.0/STM32CubeIDE/plugins/com.st.stm32cube.ide.mcu.externaltools.gnu-tools-for-stm32.13.3.rel1.win32_1.0.0.202411081344/tools/bin/../lib/gcc/arm-none-eabi/13.3.1/../../../../arm-none-eabi/lib/thumb/v7e-m+fp/hard/crt0.o (memset)
C:/ST/STM32CubeIDE_1.19.0/STM32CubeIDE/plugins/com.st.stm32cube.ide.mcu.externaltools.gnu-tools-for-stm32.13.3.rel1.win32_1.0.0.202411081344/tools/bin/../lib/gcc/arm-none-eabi/13.3.1/../../../../arm-none-eabi/lib/thumb/v7e-m+fp/hard\libc_nano.a(libc_a-closer.o)
[...]
Memory Configuration

Name             Origin             Length             Attributes
RAM              0x20000000         0x00020000         xrw
FLASH            0x08000000         0x00080000         xr
*default*        0x00000000         0xffffffff

Linker script and memory map

LOAD C:/ST/STM32CubeIDE_1.19.0/STM32CubeIDE/plugins/com.st.stm32cube.ide.mcu.externaltools.gnu-tools-for-stm32.13.3.rel1.win32_1.0.0.202411081344/tools/bin/../lib/gcc/arm-none-eabi/13.3.1/thumb/v7e-m+fp/hard/crti.o
LOAD C:/ST/STM32CubeIDE_1.19.0/STM32CubeIDE/plugins/com.st.stm32cube.ide.mcu.externaltools.gnu-tools-for-stm32.13.3.rel1.win32_1.0.0.202411081344/tools/bin/../lib/gcc/arm-none-eabi/13.3.1/thumb/v7e-m+fp/hard/crtbegin.o
LOAD C:/ST/STM32CubeIDE_1.19.0/STM32CubeIDE/plugins/com.st.stm32cube.ide.mcu.externaltools.gnu-tools-for-stm32.13.3.rel1.win32_1.0.0.202411081344/tools/bin/../lib/gcc/arm-none-eabi/13.3.1/../../../../arm-none-eabi/lib/thumb/v7e-m+fp/hard/crt0.o
LOAD ./Application/User/Core/buzzer.o
LOAD ./Application/User/Core/freertos.o
LOAD ./Application/User/Core/joystick.o
LOAD ./Application/User/Core/main.o
LOAD ./Application/User/Core/my_lcd_i2c.o
LOAD ./Application/User/Core/stm32f4xx_hal_msp.o
LOAD ./Application/User/Core/stm32f4xx_hal_timebase_tim.o
LOAD ./Application/User/Core/stm32f4xx_it.o
LOAD ./Application/User/Core/syscalls.o
LOAD ./Application/User/Core/sysmem.o
LOAD ./Application/User/Startup/startup_stm32f411retx.o
LOAD ./Drivers/CMSIS/system_stm32f4xx.o
LOAD ./Drivers/STM32F4xx_HAL_Driver/stm32f4xx_hal.o
LOAD ./Drivers/STM32F4xx_HAL_Driver/stm32f4xx_hal_adc.o
LOAD ./Drivers/STM32F4xx_HAL_Driver/stm32f4xx_hal_adc_ex.o
LOAD ./Drivers/STM32F4xx_HAL_Driver/stm32f4xx_hal_cortex.o
LOAD ./Drivers/STM32F4xx_HAL_Driver/stm32f4xx_hal_dma.o
LOAD ./Drivers/STM32F4xx_HAL_Driver/stm32f4xx_hal_dma_ex.o
LOAD ./Drivers/STM32F4xx_HAL_Driver/stm32f4xx_hal_exti.o
LOAD ./Drivers/STM32F4xx_HAL_Driver/stm32f4xx_hal_flash.o
LOAD ./Drivers/STM32F4xx_HAL_Driver/stm32f4xx_hal_flash_ex.o
LOAD ./Drivers/STM32F4xx_HAL_Driver/stm32f4xx_hal_flash_ramfunc.o
LOAD ./Drivers/STM32F4xx_HAL_Driver/stm32f4xx_hal_gpio.o
LOAD ./Drivers/STM32F4xx_HAL_Driver/stm32f4xx_hal_i2c.o
LOAD ./Drivers/STM32F4xx_HAL_Driver/stm32f4xx_hal_i2c_ex.o
LOAD ./Drivers/STM32F4xx_HAL_Driver/stm32f4xx_hal_pwr.o
LOAD ./Drivers/STM32F4xx_HAL_Driver/stm32f4xx_hal_pwr_ex.o
LOAD ./Drivers/STM32F4xx_HAL_Driver/stm32f4xx_hal_rcc.o
LOAD ./Drivers/STM32F4xx_HAL_Driver/stm32f4xx_hal_rcc_ex.o
LOAD ./Drivers/STM32F4xx_HAL_Driver/stm32f4xx_hal_tim.o
LOAD ./Drivers/STM32F4xx_HAL_Driver/stm32f4xx_hal_tim_ex.o
LOAD ./Drivers/STM32F4xx_HAL_Driver/stm32f4xx_hal_uart.o
LOAD ./Drivers/STM32F4xx_HAL_Driver/stm32f4xx_ll_adc.o
LOAD ./Middlewares/FreeRTOS/cmsis_os2.o
LOAD ./Middlewares/FreeRTOS/croutine.o
LOAD ./Middlewares/FreeRTOS/event_groups.o
LOAD ./Middlewares/FreeRTOS/heap_4.o
LOAD ./Middlewares/FreeRTOS/list.o
LOAD ./Middlewares/FreeRTOS/port.o
LOAD ./Middlewares/FreeRTOS/queue.o
LOAD ./Middlewares/FreeRTOS/stream_buffer.o
LOAD ./Middlewares/FreeRTOS/tasks.o
LOAD ./Middlewares/FreeRTOS/timers.o
START GROUP
LOAD C:/ST/STM32CubeIDE_1.19.0/STM32CubeIDE/plugins/com.st.stm32cube.ide.mcu.externaltools.gnu-tools-for-stm32.13.3.rel1.win32_1.0.0.202411081344/tools/bin/../lib/gcc/arm-none-eabi/13.3.1/../../../../arm-none-eabi/lib/thumb/v7e-m+fp/hard\libc_nano.a
LOAD C:/ST/STM32CubeIDE_1.19.0/STM32CubeIDE/plugins/com.st.stm32cube.ide.mcu.externaltools.gnu-tools-for-stm32.13.3.rel1.win32_1.0.0.202411081344/tools/bin/../lib/gcc/arm-none-eabi/13.3.1/../../../../arm-none-eabi/lib/thumb/v7e-m+fp/hard\libm.a
END GROUP
START GROUP
LOAD C:/ST/STM32CubeIDE_1.19.0/STM32CubeIDE/plugins/com.st.stm32cube.ide.mcu.externaltools.gnu-tools-for-stm32.13.3.rel1.win32_1.0.0.202411081344/tools/bin/../lib/gcc/arm-none-eabi/13.3.1/thumb/v7e-m+fp/hard\libgcc.a
LOAD C:/ST/STM32CubeIDE_1.19.0/STM32CubeIDE/plugins/com.st.stm32cube.ide.mcu.externaltools.gnu-tools-for-stm32.13.3.rel1.win32_1.0.0.202411081344/tools/bin/../lib/gcc/arm-none-eabi/13.3.1/../../../../arm-none-eabi/lib/thumb/v7e-m+fp/hard\libc_nano.a
END GROUP
START GROUP
LOAD C:/ST/STM32CubeIDE_1.19.0/STM32CubeIDE/plugins/com.st.stm32cube.ide.mcu.externaltools.gnu-tools-for-stm32.13.3.rel1.win32_1.0.0.202411081344/tools/bin/../lib/gcc/arm-none-eabi/13.3.1/thumb/v7e-m+fp/hard\libgcc.a
LOAD C:/ST/STM32CubeIDE_1.19.0/STM32CubeIDE/plugins/com.st.stm32cube.ide.mcu.externaltools.gnu-tools-for-stm32.13.3.rel1.win32_1.0.0.202411081344/tools/bin/../lib/gcc/arm-none-eabi/13.3.1/../../../../arm-none-eabi/lib/thumb/v7e-m+fp/hard\libc_nano.a
LOAD C:/ST/STM32CubeIDE_1.19.0/STM32CubeIDE/plugins/com.st.stm32cube.ide.mcu.externaltools.gnu-tools-for-stm32.13.3.rel1.win32_1.0.0.202411081344/tools/bin/../lib/gcc/arm-none-eabi/13.3.1/../../../../arm-none-eabi/lib/thumb/v7e-m+fp/hard\libnosys.a
END GROUP
START GROUP
LOAD C:/ST/STM32CubeIDE_1.19.0/STM32CubeIDE/plugins/com.st.stm32cube.ide.mcu.externaltools.gnu-tools-for-stm32.13.3.rel1.win32_1.0.0.202411081344/tools/bin/../lib/gcc/arm-none-eabi/13.3.1/thumb/v7e-m+fp/hard\libgcc.a
LOAD C:/ST/STM32CubeIDE_1.19.0/STM32CubeIDE/plugins/com.st.stm32cube.ide.mcu.externaltools.gnu-tools-for-stm32.13.3.rel1.win32_1.0.0.202411081344/tools/bin/../lib/gcc/arm-none-eabi/13.3.1/../../../../arm-none-eabi/lib/thumb/v7e-m+fp/hard\libc_nano.a
LOAD C:/ST/STM32CubeIDE_1.19.0/STM32CubeIDE/plugins/com.st.stm32cube.ide.mcu.externaltools.gnu-tools-for-stm32.13.3.rel1.win32_1.0.0.202411081344/tools/bin/../lib/gcc/arm-none-eabi/13.3.1/../../../../arm-none-eabi/lib/thumb/v7e-m+fp/hard\libnosys.a
END GROUP
LOAD C:/ST/STM32CubeIDE_1.19.0/STM32CubeIDE/plugins/com.st.stm32cube.ide.mcu.externaltools.gnu-tools-for-stm32.13.3.rel1.win32_1.0.0.202411081344/tools/bin/../lib/gcc/arm-none-eabi/13.3.1/thumb/v7e-m+fp/hard/crtend.o
LOAD C:/ST/STM32CubeIDE_1.19.0/STM32CubeIDE/plugins/com.st.stm32cube.ide.mcu.externaltools.gnu-tools-for-stm32.13.3.rel1.win32_1.0.0.202411081344/tools/bin/../lib/gcc/arm-none-eabi/13.3.1/thumb/v7e-m+fp/hard/crtn.o
                0x20020000                        _estack = (ORIGIN (RAM) + LENGTH (RAM))
                0x00000200                        _Min_Heap_Size = 0x200
                0x00000400                        _Min_Stack_Size = 0x400

.isr_vector     0x08000000      0x198
                0x08000000                        . = ALIGN (0x4)
 *(.isr_vector)
 .isr_vector    0x08000000      0x198 ./Application/User/Startup/startup_stm32f411retx.o
                0x08000000                g_pfnVectors
                0x08000198                        . = ALIGN (0x4)

.text           0x080001a0     0xc370
                0x080001a0                        . = ALIGN (0x4)
 *(.text)
 .text          0x080001a0       0x40 C:/ST/STM32CubeIDE_1.19.0/STM32CubeIDE/plugins/com.st.stm32cube.ide.mcu.externaltools.gnu-tools-for-stm32.13.3.rel1.win32_1.0.0.202411081344/tools/bin/../lib/gcc/arm-none-eabi/13.3.1/thumb/v7e-m+fp/hard/crtbegin.o
 .text          0x080001e0       0x10 C:/ST/STM32CubeIDE_1.19.0/STM32CubeIDE/plugins/com.st.stm32cube.ide.mcu.externaltools.gnu-tools-for-stm32.13.3.rel1.win32_1.0.0.202411081344/tools/bin/../lib/gcc/arm-none-eabi/13.3.1/../../../../arm-none-eabi/lib/thumb/v7e-m+fp/hard\libc_nano.a(libc_a-strlen.o)
                0x080001e0                strlen
 .text          0x080001f0       0xa0 C:/ST/STM32CubeIDE_1.19.0/STM32CubeIDE/plugins/com.st.stm32cube.ide.mcu.externaltools.gnu-tools-for-stm32.13.3.rel1.win32_1.0.0.202411081344/tools/bin/../lib/gcc/arm-none-eabi/13.3.1/../../../../arm-none-eabi/lib/thumb/v7e-m+fp/hard\libc_nano.a(libc_a-memchr.o)
                0x080001f0                memchr
 .text          0x08000290       0x30 C:/ST/STM32CubeIDE_1.19.0/STM32CubeIDE/plugins/com.st.stm32cube.ide.mcu.externaltools.gnu-tools-for-stm32.13.3.rel1.win32_1.0.0.202411081344/tools/bin/../lib/gcc/arm-none-eabi/13.3.1/thumb/v7e-m+fp/hard\libgcc.a(_aeabi_uldivmod.o)
                0x08000290                __aeabi_uldivmod
 .text          0x080002c0      0x2f8 C:/ST/STM32CubeIDE_1.19.0/STM32CubeIDE/plugins/com.st.stm32cube.ide.mcu.externaltools.gnu-tools-for-stm32.13.3.rel1.win32_1.0.0.202411081344/tools/bin/../lib/gcc/arm-none-eabi/13.3.1/thumb/v7e-m+fp/hard\libgcc.a(_udivmoddi4.o)
                0x080002c0                __udivmoddi4
 .text          0x080005b8        0x4 C:/ST/STM32CubeIDE_1.19.0/STM32CubeIDE/plugins/com.st.stm32cube.ide.mcu.externaltools.gnu-tools-for-stm32.13.3.rel1.win32_1.0.0.202411081344/tools/bin/../lib/gcc/arm-none-eabi/13.3.1/thumb/v7e-m+fp/hard\libgcc.a(_dvmd_tls.o)
                0x080005b8                __aeabi_idiv0
                0x080005b8                __aeabi_ldiv0
 *(.text*)
 .text.tone     0x080005bc       0xfc ./Application/User/Core/buzzer.o
                0x080005bc                tone
 .text.noTone   0x080006b8       0x1a ./Application/User/Core/buzzer.o
                0x080006b8                noTone
 .text.buzzer_init
                0x080006d2       0x32 ./Application/User/Core/buzzer.o
                0x080006d2                buzzer_init
 .text.buzzer_tone
                0x08000704       0x24 ./Application/User/Core/buzzer.o
                0x08000704                buzzer_tone
 .text.buzzer_noTone
                0x08000728       0x20 ./Application/User/Core/buzzer.o
                0x08000728                buzzer_noTone
 .text.playTankBGM
                0x08000748       0x6c ./Application/User/Core/buzzer.o
                0x08000748                playTankBGM
 .text.playMainTheme
                0x080007b4       0x6c ./Application/User/Core/buzzer.o
                0x080007b4                playMainTheme
 .text.read_adc_polling
                0x08000820       0x5e ./Application/User/Core/joystick.o
 .text.Joystick_Init
                0x0800087e       0x56 ./Application/User/Core/joystick.o
                0x0800087e                Joystick_Init
 .text.Joystick_Read
                0x080008d4       0x6c ./Application/User/Core/joystick.o
                0x080008d4                Joystick_Read
 .text.Joystick_GetButton
                0x08000940       0x5c ./Application/User/Core/joystick.o
                0x08000940                Joystick_GetButton
 .text.Joystick_Track
                0x0800099c       0xc2 ./Application/User/Core/joystick.o
                0x0800099c                Joystick_Track
 *fill*         0x08000a5e        0x2 
 .text.main     0x08000a60      0x100 ./Application/User/Core/main.o
                0x08000a60                main
 .text.SystemClock_Config
                0x08000b60       0xd4 ./Application/User/Core/main.o
                0x08000b60                SystemClock_Config
 .text.MX_ADC1_Init
                0x08000c34       0xa4 ./Application/User/Core/main.o
 .text.MX_I2C1_Init
                0x08000cd8       0x5c ./Application/User/Core/main.o
 .text.MX_TIM2_Init
                0x08000d34       0xb0 ./Application/User/Core/main.o
 .text.MX_USART1_UART_Init
                0x08000de4       0x54 ./Application/User/Core/main.o
 .text.MX_USART2_UART_Init
                0x08000e38       0x54 ./Application/User/Core/main.o
 .text.MX_GPIO_Init
                0x08000e8c       0xf4 ./Application/User/Core/main.o
 .text.HAL_UART_RxCpltCallback
                0x08000f80      0x1b4 ./Application/User/Core/main.o
                0x08000f80                HAL_UART_RxCpltCallback
 .text.SetPixelByPos
                0x08001134       0xdc ./Application/User/Core/main.o
                0x08001134                SetPixelByPos
 .text.ResetPixelByPos
                0x08001210       0xe0 ./Application/User/Core/main.o
                0x08001210                ResetPixelByPos
 .text.SetPixelByXY
                0x080012f0       0xe4 ./Application/User/Core/main.o
                0x080012f0                SetPixelByXY
 .text.ResetPixelByXY
                0x080013d4       0xe8 ./Application/User/Core/main.o
                0x080013d4                ResetPixelByXY
 .text.ResetPixel
                0x080014bc      0x2d8 ./Application/User/Core/main.o
                0x080014bc                ResetPixel
 .text.SetPixel
                0x08001794      0x278 ./Application/User/Core/main.o
                0x08001794                SetPixel
 .text.MoveByDir
                0x08001a0c       0xa8 ./Application/User/Core/main.o
                0x08001a0c                MoveByDir
 .text.MovePlayer
                0x08001ab4       0xcc ./Application/User/Core/main.o
                0x08001ab4                MovePlayer
 .text.FireBullet
                0x08001b80      0x10c ./Application/User/Core/main.o
                0x08001b80                FireBullet
 .text.SummonBullet
                0x08001c8c      0x138 ./Application/User/Core/main.o
                0x08001c8c                SummonBullet
 .text.CheckHitBullet
                0x08001dc4      0x13c ./Application/User/Core/main.o
                0x08001dc4                CheckHitBullet
 .text.SummonWall
                0x08001f00      0x1b0 ./Application/User/Core/main.o
                0x08001f00                SummonWall
 .text.CheckHitWall
                0x080020b0      0x13c ./Application/User/Core/main.o
                0x080020b0                CheckHitWall
 .text.Init     0x080021ec       0x38 ./Application/User/Core/main.o
                0x080021ec                Init
 .text.InitSceneClear
                0x08002224       0x74 ./Application/User/Core/main.o
                0x08002224                InitSceneClear
 .text.InitSceneMenu
                0x08002298       0x18 ./Application/User/Core/main.o
                0x08002298                InitSceneMenu
 .text.InitSceneWaiting
                0x080022b0       0x18 ./Application/User/Core/main.o
                0x080022b0                InitSceneWaiting
 .text.InitSceneShooting
                0x080022c8       0xa0 ./Application/User/Core/main.o
                0x080022c8                InitSceneShooting
 .text.InitSceneResult
                0x08002368       0x18 ./Application/User/Core/main.o
                0x08002368                InitSceneResult
 .text.Update   0x08002380       0x50 ./Application/User/Core/main.o
                0x08002380                Update
 .text.UpdateSceneClear
                0x080023d0      0x268 ./Application/User/Core/main.o
                0x080023d0                UpdateSceneClear
 .text.UpdateSceneMenu
                0x08002638       0xe0 ./Application/User/Core/main.o
                0x08002638                UpdateSceneMenu
 .text.UpdateSceneWaiting
                0x08002718      0x110 ./Application/User/Core/main.o
                0x08002718                UpdateSceneWaiting
 .text.UpdateSceneShooting
                0x08002828      0x130 ./Application/User/Core/main.o
                0x08002828                UpdateSceneShooting
 .text.UpdateSceneResult
                0x08002958       0x30 ./Application/User/Core/main.o
                0x08002958                UpdateSceneResult
 .text.UpdateBullets
                0x08002988      0x3b0 ./Application/User/Core/main.o
                0x08002988                UpdateBullets
 .text.UpdateWalls
                0x08002d38      0x1b8 ./Application/User/Core/main.o
                0x08002d38                UpdateWalls
 .text.RenderPixel
                0x08002ef0      0x7c0 ./Application/User/Core/main.o
                0x08002ef0                RenderPixel
 .text.Render   0x080036b0       0x54 ./Application/User/Core/main.o
                0x080036b0                Render
 .text.RenderSceneMenu
                0x08003704       0x74 ./Application/User/Core/main.o
                0x08003704                RenderSceneMenu
 .text.RenderSceneWaiting
                0x08003778       0x2c ./Application/User/Core/main.o
                0x08003778                RenderSceneWaiting
 .text.RenderSceneResult
                0x080037a4       0x34 ./Application/User/Core/main.o
                0x080037a4                RenderSceneResult
 .text.PlayBGM  0x080037d8       0x34 ./Application/User/Core/main.o
                0x080037d8                PlayBGM
 .text.ChangeScene
                0x0800380c       0x78 ./Application/User/Core/main.o
                0x0800380c                ChangeScene
 .text.StartDefaultTask
                0x08003884       0x50 ./Application/User/Core/main.o
                0x08003884                StartDefaultTask
 .text.StartTask02
                0x080038d4      0x168 ./Application/User/Core/main.o
                0x080038d4                StartTask02
 .text.StartTask03
                0x08003a3c       0x16 ./Application/User/Core/main.o
                0x08003a3c                StartTask03
 *fill*         0x08003a52        0x2 
 .text.HAL_TIM_PeriodElapsedCallback
                0x08003a54       0x24 ./Application/User/Core/main.o
                0x08003a54                HAL_TIM_PeriodElapsedCallback
 .text.Error_Handler
                0x08003a78        0xc ./Application/User/Core/main.o
                0x08003a78                Error_Handler
 .text.lcd_init
                0x08003a84       0x7c ./Application/User/Core/my_lcd_i2c.o
                0x08003a84                lcd_init
 .text.lcd_send_cmd
                0x08003b00       0x1c ./Application/User/Core/my_lcd_i2c.o
                0x08003b00                lcd_send_cmd
 .text.lcd_send_data
                0x08003b1c       0x1c ./Application/User/Core/my_lcd_i2c.o
                0x08003b1c                lcd_send_data
 .text.lcd_send_raw_cmd
                0x08003b38       0x48 ./Application/User/Core/my_lcd_i2c.o
                0x08003b38                lcd_send_raw_cmd
 .text.lcd_send_internal
                0x08003b80       0x80 ./Application/User/Core/my_lcd_i2c.o
                0x08003b80                lcd_send_internal
 .text.lcd_send_string
                0x08003c00       0x2c ./Application/User/Core/my_lcd_i2c.o
                0x08003c00                lcd_send_string
 .text.lcd_clear
                0x08003c2c       0x14 ./Application/User/Core/my_lcd_i2c.o
                0x08003c2c                lcd_clear
 .text.lcd_set_cursor
                0x08003c40       0x40 ./Application/User/Core/my_lcd_i2c.o
                0x08003c40                lcd_set_cursor
 .text.lcd_create_char
                0x08003c80       0x54 ./Application/User/Core/my_lcd_i2c.o
                0x08003c80                lcd_create_char
 .text.HAL_MspInit
                0x08003cd4       0x58 ./Application/User/Core/stm32f4xx_hal_msp.o
                0x08003cd4                HAL_MspInit
 .text.HAL_ADC_MspInit
                0x08003d2c       0x88 ./Application/User/Core/stm32f4xx_hal_msp.o
                0x08003d2c                HAL_ADC_MspInit
 .text.HAL_I2C_MspInit
                0x08003db4       0x90 ./Application/User/Core/stm32f4xx_hal_msp.o
                0x08003db4                HAL_I2C_MspInit
 .text.HAL_TIM_PWM_MspInit
                0x08003e44       0x40 ./Application/User/Core/stm32f4xx_hal_msp.o
                0x08003e44                HAL_TIM_PWM_MspInit
 .text.HAL_TIM_MspPostInit
                0x08003e84       0x70 ./Application/User/Core/stm32f4xx_hal_msp.o
                0x08003e84                HAL_TIM_MspPostInit
 .text.HAL_UART_MspInit
                0x08003ef4      0x118 ./Application/User/Core/stm32f4xx_hal_msp.o
                0x08003ef4                HAL_UART_MspInit
 .text.HAL_InitTick
                0x0800400c       0xe4 ./Application/User/Core/stm32f4xx_hal_timebase_tim.o
                0x0800400c                HAL_InitTick
 .text.NMI_Handler
                0x080040f0        0x8 ./Application/User/Core/stm32f4xx_it.o
                0x080040f0                NMI_Handler
 .text.HardFault_Handler
                0x080040f8        0x8 ./Application/User/Core/stm32f4xx_it.o
                0x080040f8                HardFault_Handler
 .text.MemManage_Handler
                0x08004100        0x8 ./Application/User/Core/stm32f4xx_it.o
                0x08004100                MemManage_Handler
 .text.BusFault_Handler
                0x08004108        0x8 ./Application/User/Core/stm32f4xx_it.o
                0x08004108                BusFault_Handler
 .text.UsageFault_Handler
                0x08004110        0x8 ./Application/User/Core/stm32f4xx_it.o
                0x08004110                UsageFault_Handler
 .text.DebugMon_Handler
                0x08004118        0xe ./Application/User/Core/stm32f4xx_it.o
                0x08004118                DebugMon_Handler
 *fill*         0x08004126        0x2 
 .text.TIM1_UP_TIM10_IRQHandler
                0x08004128       0x14 ./Application/User/Core/stm32f4xx_it.o
                0x08004128                TIM1_UP_TIM10_IRQHandler
 .text.USART1_IRQHandler
                0x0800413c       0x14 ./Application/User/Core/stm32f4xx_it.o
                0x0800413c                USART1_IRQHandler
 .text.USART2_IRQHandler
                0x08004150       0x14 ./Application/User/Core/stm32f4xx_it.o
                0x08004150                USART2_IRQHandler
 .text._getpid  0x08004164       0x10 ./Application/User/Core/syscalls.o
                0x08004164                _getpid
 .text._kill    0x08004174       0x20 ./Application/User/Core/syscalls.o
                0x08004174                _kill
 .text._exit    0x08004194       0x16 ./Application/User/Core/syscalls.o
                0x08004194                _exit
 .text._read    0x080041aa       0x3a ./Application/User/Core/syscalls.o
                0x080041aa                _read
 .text._write   0x080041e4       0x38 ./Application/User/Core/syscalls.o
                0x080041e4                _write
 .text._close   0x0800421c       0x18 ./Application/User/Core/syscalls.o
                0x0800421c                _close
 .text._fstat   0x08004234       0x20 ./Application/User/Core/syscalls.o
                0x08004234                _fstat
 .text._isatty  0x08004254       0x16 ./Application/User/Core/syscalls.o
                0x08004254                _isatty
 .text._lseek   0x0800426a       0x1a ./Application/User/Core/syscalls.o
                0x0800426a                _lseek
 .text._sbrk    0x08004284       0x6c ./Application/User/Core/sysmem.o
                0x08004284                _sbrk
 .text.Reset_Handler
                0x080042f0       0x50 ./Application/User/Startup/startup_stm32f411retx.o
                0x080042f0                Reset_Handler
 .text.Default_Handler
                0x08004340        0x2 ./Application/User/Startup/startup_stm32f411retx.o
                0x08004340                RTC_Alarm_IRQHandler
                0x08004340                EXTI2_IRQHandler
                0x08004340                SPI4_IRQHandler
                0x08004340                TIM1_CC_IRQHandler
                0x08004340                DMA2_Stream5_IRQHandler
                0x08004340                DMA1_Stream5_IRQHandler
                0x08004340                PVD_IRQHandler
                0x08004340                SDIO_IRQHandler
                0x08004340                TAMP_STAMP_IRQHandler
                0x08004340                EXTI3_IRQHandler
                0x08004340                I2C3_ER_IRQHandler
                0x08004340                EXTI0_IRQHandler
                0x08004340                I2C2_EV_IRQHandler
                0x08004340                DMA1_Stream2_IRQHandler
                0x08004340                FPU_IRQHandler
                0x08004340                DMA2_Stream2_IRQHandler
                0x08004340                SPI1_IRQHandler
                0x08004340                TIM1_BRK_TIM9_IRQHandler
                0x08004340                DMA2_Stream3_IRQHandler
                0x08004340                USART6_IRQHandler
                0x08004340                DMA2_Stream0_IRQHandler
                0x08004340                TIM4_IRQHandler
                0x08004340                I2C1_EV_IRQHandler
                0x08004340                DMA1_Stream6_IRQHandler
                0x08004340                DMA1_Stream1_IRQHandler
                0x08004340                TIM3_IRQHandler
                0x08004340                RCC_IRQHandler
                0x08004340                Default_Handler
                0x08004340                EXTI15_10_IRQHandler
                0x08004340                ADC_IRQHandler
                0x08004340                DMA1_Stream7_IRQHandler
                0x08004340                SPI5_IRQHandler
                0x08004340                TIM5_IRQHandler
                0x08004340                DMA2_Stream7_IRQHandler
                0x08004340                I2C3_EV_IRQHandler
                0x08004340                EXTI9_5_IRQHandler
                0x08004340                RTC_WKUP_IRQHandler
                0x08004340                SPI2_IRQHandler
                0x08004340                DMA1_Stream0_IRQHandler
                0x08004340                EXTI4_IRQHandler
                0x08004340                WWDG_IRQHandler
                0x08004340                TIM2_IRQHandler
                0x08004340                OTG_FS_WKUP_IRQHandler
                0x08004340                TIM1_TRG_COM_TIM11_IRQHandler
                0x08004340                EXTI1_IRQHandler
                0x08004340                I2C2_ER_IRQHandler
                0x08004340                DMA2_Stream1_IRQHandler
                0x08004340                FLASH_IRQHandler
                0x08004340                DMA2_Stream4_IRQHandler
                0x08004340                OTG_FS_IRQHandler
                0x08004340                SPI3_IRQHandler
                0x08004340                DMA1_Stream4_IRQHandler
                0x08004340                I2C1_ER_IRQHandler
                0x08004340                DMA2_Stream6_IRQHandler
                0x08004340                DMA1_Stream3_IRQHandler
 *fill*         0x08004342        0x2 
 .text.SystemInit
                0x08004344       0x24 ./Drivers/CMSIS/system_stm32f4xx.o
                0x08004344                SystemInit
 .text.HAL_Init
                0x08004368       0x44 ./Drivers/STM32F4xx_HAL_Driver/stm32f4xx_hal.o
                0x08004368                HAL_Init
 .text.HAL_IncTick
                0x080043ac       0x28 ./Drivers/STM32F4xx_HAL_Driver/stm32f4xx_hal.o
                0x080043ac                HAL_IncTick
 .text.HAL_GetTick
                0x080043d4       0x18 ./Drivers/STM32F4xx_HAL_Driver/stm32f4xx_hal.o
                0x080043d4                HAL_GetTick
 .text.HAL_Delay
                0x080043ec       0x48 ./Drivers/STM32F4xx_HAL_Driver/stm32f4xx_hal.o
                0x080043ec                HAL_Delay
 .text.HAL_ADC_Init
                0x08004434       0x86 ./Drivers/STM32F4xx_HAL_Driver/stm32f4xx_hal_adc.o
                0x08004434                HAL_ADC_Init
 *fill*         0x080044ba        0x2 
 .text.HAL_ADC_Start
                0x080044bc      0x168 ./Drivers/STM32F4xx_HAL_Driver/stm32f4xx_hal_adc.o
                0x080044bc                HAL_ADC_Start
 .text.HAL_ADC_Stop
                0x08004624       0x66 ./Drivers/STM32F4xx_HAL_Driver/stm32f4xx_hal_adc.o
                0x08004624                HAL_ADC_Stop
 .text.HAL_ADC_PollForConversion
                0x0800468a      0x116 ./Drivers/STM32F4xx_HAL_Driver/stm32f4xx_hal_adc.o
                0x0800468a                HAL_ADC_PollForConversion
 .text.HAL_ADC_GetValue
                0x080047a0       0x1a ./Drivers/STM32F4xx_HAL_Driver/stm32f4xx_hal_adc.o
                0x080047a0                HAL_ADC_GetValue
 *fill*         0x080047ba        0x2 
 .text.HAL_ADC_ConfigChannel
                0x080047bc      0x264 ./Drivers/STM32F4xx_HAL_Driver/stm32f4xx_hal_adc.o
                0x080047bc                HAL_ADC_ConfigChannel
 .text.ADC_Init
                0x08004a20      0x1f8 ./Drivers/STM32F4xx_HAL_Driver/stm32f4xx_hal_adc.o
 .text.__NVIC_SetPriorityGrouping
                0x08004c18       0x48 ./Drivers/STM32F4xx_HAL_Driver/stm32f4xx_hal_cortex.o
 .text.__NVIC_GetPriorityGrouping
                0x08004c60       0x1c ./Drivers/STM32F4xx_HAL_Driver/stm32f4xx_hal_cortex.o
 .text.__NVIC_EnableIRQ
                0x08004c7c       0x3c ./Drivers/STM32F4xx_HAL_Driver/stm32f4xx_hal_cortex.o
 .text.__NVIC_SetPriority
                0x08004cb8       0x54 ./Drivers/STM32F4xx_HAL_Driver/stm32f4xx_hal_cortex.o
 .text.NVIC_EncodePriority
                0x08004d0c       0x66 ./Drivers/STM32F4xx_HAL_Driver/stm32f4xx_hal_cortex.o
 .text.HAL_NVIC_SetPriorityGrouping
                0x08004d72       0x16 ./Drivers/STM32F4xx_HAL_Driver/stm32f4xx_hal_cortex.o
                0x08004d72                HAL_NVIC_SetPriorityGrouping
 .text.HAL_NVIC_SetPriority
                0x08004d88       0x38 ./Drivers/STM32F4xx_HAL_Driver/stm32f4xx_hal_cortex.o
                0x08004d88                HAL_NVIC_SetPriority
 .text.HAL_NVIC_EnableIRQ
                0x08004dc0       0x1c ./Drivers/STM32F4xx_HAL_Driver/stm32f4xx_hal_cortex.o
                0x08004dc0                HAL_NVIC_EnableIRQ
 .text.HAL_DMA_Abort
                0x08004ddc       0xe0 ./Drivers/STM32F4xx_HAL_Driver/stm32f4xx_hal_dma.o
                0x08004ddc                HAL_DMA_Abort
 .text.HAL_DMA_Abort_IT
                0x08004ebc       0x44 ./Drivers/STM32F4xx_HAL_Driver/stm32f4xx_hal_dma.o
                0x08004ebc                HAL_DMA_Abort_IT
 .text.HAL_GPIO_Init
                0x08004f00      0x308 ./Drivers/STM32F4xx_HAL_Driver/stm32f4xx_hal_gpio.o
                0x08004f00                HAL_GPIO_Init
 .text.HAL_GPIO_ReadPin
                0x08005208       0x30 ./Drivers/STM32F4xx_HAL_Driver/stm32f4xx_hal_gpio.o
                0x08005208                HAL_GPIO_ReadPin
 .text.HAL_GPIO_WritePin
                0x08005238       0x32 ./Drivers/STM32F4xx_HAL_Driver/stm32f4xx_hal_gpio.o
                0x08005238                HAL_GPIO_WritePin
 *fill*         0x0800526a        0x2 
 .text.HAL_I2C_Init
                0x0800526c      0x288 ./Drivers/STM32F4xx_HAL_Driver/stm32f4xx_hal_i2c.o
                0x0800526c                HAL_I2C_Init
 .text.HAL_I2C_Master_Transmit
                0x080054f4      0x1fc ./Drivers/STM32F4xx_HAL_Driver/stm32f4xx_hal_i2c.o
                0x080054f4                HAL_I2C_Master_Transmit
 .text.I2C_MasterRequestWrite
                0x080056f0      0x104 ./Drivers/STM32F4xx_HAL_Driver/stm32f4xx_hal_i2c.o
 .text.I2C_WaitOnFlagUntilTimeout
                0x080057f4       0xf4 ./Drivers/STM32F4xx_HAL_Driver/stm32f4xx_hal_i2c.o
 .text.I2C_WaitOnMasterAddressFlagUntilTimeout
                0x080058e8      0x140 ./Drivers/STM32F4xx_HAL_Driver/stm32f4xx_hal_i2c.o
 .text.I2C_WaitOnTXEFlagUntilTimeout
                0x08005a28       0x90 ./Drivers/STM32F4xx_HAL_Driver/stm32f4xx_hal_i2c.o
 .text.I2C_WaitOnBTFFlagUntilTimeout
                0x08005ab8       0x90 ./Drivers/STM32F4xx_HAL_Driver/stm32f4xx_hal_i2c.o
 .text.I2C_IsAcknowledgeFailed
                0x08005b48       0x5e ./Drivers/STM32F4xx_HAL_Driver/stm32f4xx_hal_i2c.o
 *fill*         0x08005ba6        0x2 
 .text.HAL_RCC_OscConfig
                0x08005ba8      0x4f0 ./Drivers/STM32F4xx_HAL_Driver/stm32f4xx_hal_rcc.o
                0x08005ba8                HAL_RCC_OscConfig
 .text.HAL_RCC_ClockConfig
                0x08006098      0x1cc ./Drivers/STM32F4xx_HAL_Driver/stm32f4xx_hal_rcc.o
                0x08006098                HAL_RCC_ClockConfig
 .text.HAL_RCC_GetSysClockFreq
                0x08006264      0x20c ./Drivers/STM32F4xx_HAL_Driver/stm32f4xx_hal_rcc.o
                0x08006264                HAL_RCC_GetSysClockFreq
 .text.HAL_RCC_GetHCLKFreq
                0x08006470       0x18 ./Drivers/STM32F4xx_HAL_Driver/stm32f4xx_hal_rcc.o
                0x08006470                HAL_RCC_GetHCLKFreq
 .text.HAL_RCC_GetPCLK1Freq
                0x08006488       0x28 ./Drivers/STM32F4xx_HAL_Driver/stm32f4xx_hal_rcc.o
                0x08006488                HAL_RCC_GetPCLK1Freq
 .text.HAL_RCC_GetPCLK2Freq
                0x080064b0       0x28 ./Drivers/STM32F4xx_HAL_Driver/stm32f4xx_hal_rcc.o
                0x080064b0                HAL_RCC_GetPCLK2Freq
 .text.HAL_RCC_GetClockConfig
                0x080064d8       0x64 ./Drivers/STM32F4xx_HAL_Driver/stm32f4xx_hal_rcc.o
                0x080064d8                HAL_RCC_GetClockConfig
 .text.HAL_TIM_Base_Init
                0x0800653c       0x9e ./Drivers/STM32F4xx_HAL_Driver/stm32f4xx_hal_tim.o
                0x0800653c                HAL_TIM_Base_Init
 .text.HAL_TIM_Base_MspInit
                0x080065da       0x14 ./Drivers/STM32F4xx_HAL_Driver/stm32f4xx_hal_tim.o
                0x080065da                HAL_TIM_Base_MspInit
 *fill*         0x080065ee        0x2 
 .text.HAL_TIM_Base_Start_IT
                0x080065f0       0xc4 ./Drivers/STM32F4xx_HAL_Driver/stm32f4xx_hal_tim.o
                0x080065f0                HAL_TIM_Base_Start_IT
 .text.HAL_TIM_PWM_Init
                0x080066b4       0x9e ./Drivers/STM32F4xx_HAL_Driver/stm32f4xx_hal_tim.o
                0x080066b4                HAL_TIM_PWM_Init
 *fill*         0x08006752        0x2 
 .text.HAL_TIM_PWM_Start
                0x08006754      0x160 ./Drivers/STM32F4xx_HAL_Driver/stm32f4xx_hal_tim.o
                0x08006754                HAL_TIM_PWM_Start
 .text.HAL_TIM_PWM_Stop
                0x080068b4       0xc8 ./Drivers/STM32F4xx_HAL_Driver/stm32f4xx_hal_tim.o
                0x080068b4                HAL_TIM_PWM_Stop
 .text.HAL_TIM_IRQHandler
                0x0800697c      0x1e0 ./Drivers/STM32F4xx_HAL_Driver/stm32f4xx_hal_tim.o
                0x0800697c                HAL_TIM_IRQHandler
 .text.HAL_TIM_PWM_ConfigChannel
                0x08006b5c      0x184 ./Drivers/STM32F4xx_HAL_Driver/stm32f4xx_hal_tim.o
                0x08006b5c                HAL_TIM_PWM_ConfigChannel
 .text.HAL_TIM_OC_DelayElapsedCallback
                0x08006ce0       0x14 ./Drivers/STM32F4xx_HAL_Driver/stm32f4xx_hal_tim.o
                0x08006ce0                HAL_TIM_OC_DelayElapsedCallback
 .text.HAL_TIM_IC_CaptureCallback
                0x08006cf4       0x14 ./Drivers/STM32F4xx_HAL_Driver/stm32f4xx_hal_tim.o
                0x08006cf4                HAL_TIM_IC_CaptureCallback
 .text.HAL_TIM_PWM_PulseFinishedCallback
                0x08006d08       0x14 ./Drivers/STM32F4xx_HAL_Driver/stm32f4xx_hal_tim.o
                0x08006d08                HAL_TIM_PWM_PulseFinishedCallback
 .text.HAL_TIM_TriggerCallback
                0x08006d1c       0x14 ./Drivers/STM32F4xx_HAL_Driver/stm32f4xx_hal_tim.o
                0x08006d1c                HAL_TIM_TriggerCallback
 .text.TIM_Base_SetConfig
                0x08006d30      0x10c ./Drivers/STM32F4xx_HAL_Driver/stm32f4xx_hal_tim.o
                0x08006d30                TIM_Base_SetConfig
 .text.TIM_OC1_SetConfig
                0x08006e3c       0xcc ./Drivers/STM32F4xx_HAL_Driver/stm32f4xx_hal_tim.o
 .text.TIM_OC2_SetConfig
                0x08006f08       0xd8 ./Drivers/STM32F4xx_HAL_Driver/stm32f4xx_hal_tim.o
                0x08006f08                TIM_OC2_SetConfig
 .text.TIM_OC3_SetConfig
                0x08006fe0       0xd4 ./Drivers/STM32F4xx_HAL_Driver/stm32f4xx_hal_tim.o
 .text.TIM_OC4_SetConfig
                0x080070b4       0xa0 ./Drivers/STM32F4xx_HAL_Driver/stm32f4xx_hal_tim.o
 .text.TIM_CCxChannelCmd
                0x08007154       0x4a ./Drivers/STM32F4xx_HAL_Driver/stm32f4xx_hal_tim.o
                0x08007154                TIM_CCxChannelCmd
 *fill*         0x0800719e        0x2 
 .text.HAL_TIMEx_MasterConfigSynchronization
                0x080071a0       0xdc ./Drivers/STM32F4xx_HAL_Driver/stm32f4xx_hal_tim_ex.o
                0x080071a0                HAL_TIMEx_MasterConfigSynchronization
 .text.HAL_TIMEx_CommutCallback
                0x0800727c       0x14 ./Drivers/STM32F4xx_HAL_Driver/stm32f4xx_hal_tim_ex.o
                0x0800727c                HAL_TIMEx_CommutCallback
 .text.HAL_TIMEx_BreakCallback
                0x08007290       0x14 ./Drivers/STM32F4xx_HAL_Driver/stm32f4xx_hal_tim_ex.o
                0x08007290                HAL_TIMEx_BreakCallback
 .text.HAL_UART_Init
                0x080072a4       0xa0 ./Drivers/STM32F4xx_HAL_Driver/stm32f4xx_hal_uart.o
                0x080072a4                HAL_UART_Init
 .text.HAL_UART_Transmit
                0x08007344      0x116 ./Drivers/STM32F4xx_HAL_Driver/stm32f4xx_hal_uart.o
                0x08007344                HAL_UART_Transmit
 .text.HAL_UART_Receive_IT
                0x0800745a       0x4a ./Drivers/STM32F4xx_HAL_Driver/stm32f4xx_hal_uart.o
                0x0800745a                HAL_UART_Receive_IT
 .text.HAL_UART_IRQHandler
                0x080074a4      0x554 ./Drivers/STM32F4xx_HAL_Driver/stm32f4xx_hal_uart.o
                0x080074a4                HAL_UART_IRQHandler
 .text.HAL_UART_TxCpltCallback
                0x080079f8       0x14 ./Drivers/STM32F4xx_HAL_Driver/stm32f4xx_hal_uart.o
                0x080079f8                HAL_UART_TxCpltCallback
 .text.HAL_UART_ErrorCallback
                0x08007a0c       0x14 ./Drivers/STM32F4xx_HAL_Driver/stm32f4xx_hal_uart.o
                0x08007a0c                HAL_UART_ErrorCallback
 .text.HAL_UARTEx_RxEventCallback
                0x08007a20       0x18 ./Drivers/STM32F4xx_HAL_Driver/stm32f4xx_hal_uart.o
                0x08007a20                HAL_UARTEx_RxEventCallback
 .text.UART_WaitOnFlagUntilTimeout
                0x08007a38       0xb2 ./Drivers/STM32F4xx_HAL_Driver/stm32f4xx_hal_uart.o
 .text.UART_Start_Receive_IT
                0x08007aea       0x74 ./Drivers/STM32F4xx_HAL_Driver/stm32f4xx_hal_uart.o
                0x08007aea                UART_Start_Receive_IT
 .text.UART_EndRxTransfer
                0x08007b5e       0xc6 ./Drivers/STM32F4xx_HAL_Driver/stm32f4xx_hal_uart.o
 .text.UART_DMAAbortOnError
                0x08007c24       0x22 ./Drivers/STM32F4xx_HAL_Driver/stm32f4xx_hal_uart.o
 .text.UART_Transmit_IT
                0x08007c46       0xa0 ./Drivers/STM32F4xx_HAL_Driver/stm32f4xx_hal_uart.o
 .text.UART_EndTransmit_IT
                0x08007ce6       0x30 ./Drivers/STM32F4xx_HAL_Driver/stm32f4xx_hal_uart.o
 .text.UART_Receive_IT
                0x08007d16      0x17c ./Drivers/STM32F4xx_HAL_Driver/stm32f4xx_hal_uart.o
 *fill*         0x08007e92        0x2 
 .text.UART_SetConfig
                0x08007e94      0x4e8 ./Drivers/STM32F4xx_HAL_Driver/stm32f4xx_hal_uart.o
 .text.__NVIC_SetPriority
                0x0800837c       0x54 ./Middlewares/FreeRTOS/cmsis_os2.o
 .text.SysTick_Handler
                0x080083d0       0x20 ./Middlewares/FreeRTOS/cmsis_os2.o
                0x080083d0                SysTick_Handler
 .text.SVC_Setup
                0x080083f0       0x12 ./Middlewares/FreeRTOS/cmsis_os2.o
 *fill*         0x08008402        0x2 
 .text.osKernelInitialize
                0x08008404       0x48 ./Middlewares/FreeRTOS/cmsis_os2.o
                0x08008404                osKernelInitialize
 .text.osKernelStart
                0x0800844c       0x4c ./Middlewares/FreeRTOS/cmsis_os2.o
                0x0800844c                osKernelStart
 .text.osThreadNew
                0x08008498      0x124 ./Middlewares/FreeRTOS/cmsis_os2.o
                0x08008498                osThreadNew
 .text.osDelay  0x080085bc       0x36 ./Middlewares/FreeRTOS/cmsis_os2.o
                0x080085bc                osDelay
 *fill*         0x080085f2        0x2 
 .text.vApplicationGetIdleTaskMemory
                0x080085f4       0x34 ./Middlewares/FreeRTOS/cmsis_os2.o
                0x080085f4                vApplicationGetIdleTaskMemory
 .text.vApplicationGetTimerTaskMemory
                0x08008628       0x34 ./Middlewares/FreeRTOS/cmsis_os2.o
                0x08008628                vApplicationGetTimerTaskMemory
 .text.pvPortMalloc
                0x0800865c      0x19c ./Middlewares/FreeRTOS/heap_4.o
                0x0800865c                pvPortMalloc
 .text.vPortFree
                0x080087f8       0xc8 ./Middlewares/FreeRTOS/heap_4.o
                0x080087f8                vPortFree
 .text.prvHeapInit
                0x080088c0       0xc4 ./Middlewares/FreeRTOS/heap_4.o
 .text.prvInsertBlockIntoFreeList
                0x08008984       0xb4 ./Middlewares/FreeRTOS/heap_4.o
 .text.vListInitialise
                0x08008a38       0x40 ./Middlewares/FreeRTOS/list.o
                0x08008a38                vListInitialise
 .text.vListInitialiseItem
                0x08008a78       0x1a ./Middlewares/FreeRTOS/list.o
                0x08008a78                vListInitialiseItem
 .text.vListInsertEnd
                0x08008a92       0x48 ./Middlewares/FreeRTOS/list.o
                0x08008a92                vListInsertEnd
 .text.vListInsert
                0x08008ada       0x72 ./Middlewares/FreeRTOS/list.o
                0x08008ada                vListInsert
 .text.uxListRemove
                0x08008b4c       0x54 ./Middlewares/FreeRTOS/list.o
                0x08008b4c                uxListRemove
 .text.pxPortInitialiseStack
                0x08008ba0       0x68 ./Middlewares/FreeRTOS/port.o
                0x08008ba0                pxPortInitialiseStack
 .text.prvTaskExitError
                0x08008c08       0x5c ./Middlewares/FreeRTOS/port.o
 *fill*         0x08008c64        0xc 
 .text.SVC_Handler
                0x08008c70       0x28 ./Middlewares/FreeRTOS/port.o
                0x08008c70                SVC_Handler
 .text.prvPortStartFirstTask
                0x08008c98       0x28 ./Middlewares/FreeRTOS/port.o
 .text.xPortStartScheduler
                0x08008cc0      0x148 ./Middlewares/FreeRTOS/port.o
                0x08008cc0                xPortStartScheduler
 .text.vPortEnterCritical
                0x08008e08       0x64 ./Middlewares/FreeRTOS/port.o
                0x08008e08                vPortEnterCritical
 .text.vPortExitCritical
                0x08008e6c       0x54 ./Middlewares/FreeRTOS/port.o
                0x08008e6c                vPortExitCritical
 .text.PendSV_Handler
                0x08008ec0       0x68 ./Middlewares/FreeRTOS/port.o
                0x08008ec0                PendSV_Handler
 .text.xPortSysTickHandler
                0x08008f28       0x44 ./Middlewares/FreeRTOS/port.o
                0x08008f28                xPortSysTickHandler
 .text.vPortSetupTimerInterrupt
                0x08008f6c       0x48 ./Middlewares/FreeRTOS/port.o
                0x08008f6c                vPortSetupTimerInterrupt
 .text.vPortEnableVFP
                0x08008fb4       0x14 ./Middlewares/FreeRTOS/port.o
 .text.vPortValidateInterruptPriority
                0x08008fc8       0x84 ./Middlewares/FreeRTOS/port.o
                0x08008fc8                vPortValidateInterruptPriority
 .text.xQueueGenericReset
                0x0800904c       0xd4 ./Middlewares/FreeRTOS/queue.o
                0x0800904c                xQueueGenericReset
 .text.xQueueGenericCreateStatic
                0x08009120       0xfa ./Middlewares/FreeRTOS/queue.o
                0x08009120                xQueueGenericCreateStatic
 .text.prvInitialiseNewQueue
                0x0800921a       0x46 ./Middlewares/FreeRTOS/queue.o
 .text.xQueueGenericSend
                0x08009260      0x204 ./Middlewares/FreeRTOS/queue.o
                0x08009260                xQueueGenericSend
 .text.xQueueGenericSendFromISR
                0x08009464      0x13c ./Middlewares/FreeRTOS/queue.o
                0x08009464                xQueueGenericSendFromISR
 .text.xQueueReceive
                0x080095a0      0x1c4 ./Middlewares/FreeRTOS/queue.o
                0x080095a0                xQueueReceive
 .text.prvCopyDataToQueue
                0x08009764       0xd4 ./Middlewares/FreeRTOS/queue.o
 .text.prvCopyDataFromQueue
                0x08009838       0x4c ./Middlewares/FreeRTOS/queue.o
 .text.prvUnlockQueue
                0x08009884       0xa4 ./Middlewares/FreeRTOS/queue.o
 .text.prvIsQueueEmpty
                0x08009928       0x2c ./Middlewares/FreeRTOS/queue.o
 .text.prvIsQueueFull
                0x08009954       0x30 ./Middlewares/FreeRTOS/queue.o
 .text.vQueueAddToRegistry
                0x08009984       0x54 ./Middlewares/FreeRTOS/queue.o
                0x08009984                vQueueAddToRegistry
 .text.vQueueWaitForMessageRestricted
                0x080099d8       0x68 ./Middlewares/FreeRTOS/queue.o
                0x080099d8                vQueueWaitForMessageRestricted
 .text.xTaskCreateStatic
                0x08009a40       0xc0 ./Middlewares/FreeRTOS/tasks.o
                0x08009a40                xTaskCreateStatic
 .text.xTaskCreate
                0x08009b00       0x8a ./Middlewares/FreeRTOS/tasks.o
                0x08009b00                xTaskCreate
 *fill*         0x08009b8a        0x2 
 .text.prvInitialiseNewTask
                0x08009b8c      0x150 ./Middlewares/FreeRTOS/tasks.o
 .text.prvAddNewTaskToReadyList
                0x08009cdc       0xe0 ./Middlewares/FreeRTOS/tasks.o
 .text.vTaskDelay
                0x08009dbc       0x6c ./Middlewares/FreeRTOS/tasks.o
                0x08009dbc                vTaskDelay
 .text.vTaskStartScheduler
                0x08009e28       0xe0 ./Middlewares/FreeRTOS/tasks.o
                0x08009e28                vTaskStartScheduler
 .text.vTaskSuspendAll
                0x08009f08       0x1c ./Middlewares/FreeRTOS/tasks.o
                0x08009f08                vTaskSuspendAll
 .text.xTaskResumeAll
                0x08009f24      0x13c ./Middlewares/FreeRTOS/tasks.o
                0x08009f24                xTaskResumeAll
 .text.xTaskGetTickCount
                0x0800a060       0x20 ./Middlewares/FreeRTOS/tasks.o
                0x0800a060                xTaskGetTickCount
 .text.xTaskIncrementTick
                0x0800a080      0x174 ./Middlewares/FreeRTOS/tasks.o
                0x0800a080                xTaskIncrementTick
 .text.vTaskSwitchContext
                0x0800a1f4       0xcc ./Middlewares/FreeRTOS/tasks.o
                0x0800a1f4                vTaskSwitchContext
 .text.vTaskPlaceOnEventList
                0x0800a2c0       0x4c ./Middlewares/FreeRTOS/tasks.o
                0x0800a2c0                vTaskPlaceOnEventList
 .text.vTaskPlaceOnEventListRestricted
                0x0800a30c       0x58 ./Middlewares/FreeRTOS/tasks.o
                0x0800a30c                vTaskPlaceOnEventListRestricted
 .text.xTaskRemoveFromEventList
                0x0800a364       0xc8 ./Middlewares/FreeRTOS/tasks.o
                0x0800a364                xTaskRemoveFromEventList
 .text.vTaskInternalSetTimeOutState
                0x0800a42c       0x2c ./Middlewares/FreeRTOS/tasks.o
                0x0800a42c                vTaskInternalSetTimeOutState
 .text.xTaskCheckForTimeOut
                0x0800a458       0xc8 ./Middlewares/FreeRTOS/tasks.o
                0x0800a458                xTaskCheckForTimeOut
 .text.vTaskMissedYield
                0x0800a520       0x18 ./Middlewares/FreeRTOS/tasks.o
                0x0800a520                vTaskMissedYield
 .text.prvIdleTask
                0x0800a538       0x30 ./Middlewares/FreeRTOS/tasks.o
 .text.prvInitialiseTaskLists
                0x0800a568       0x80 ./Middlewares/FreeRTOS/tasks.o
 .text.prvCheckTasksWaitingTermination
                0x0800a5e8       0x5c ./Middlewares/FreeRTOS/tasks.o
 .text.prvDeleteTCB
                0x0800a644       0x6a ./Middlewares/FreeRTOS/tasks.o
 *fill*         0x0800a6ae        0x2 
 .text.prvResetNextTaskUnblockTime
                0x0800a6b0       0x40 ./Middlewares/FreeRTOS/tasks.o
 .text.xTaskGetSchedulerState
                0x0800a6f0       0x3c ./Middlewares/FreeRTOS/tasks.o
                0x0800a6f0                xTaskGetSchedulerState
 .text.xTaskPriorityDisinherit
                0x0800a72c       0xe0 ./Middlewares/FreeRTOS/tasks.o
                0x0800a72c                xTaskPriorityDisinherit
 .text.prvAddCurrentTaskToDelayedList
                0x0800a80c       0xa8 ./Middlewares/FreeRTOS/tasks.o
 .text.xTimerCreateTimerTask
                0x0800a8b4       0x94 ./Middlewares/FreeRTOS/timers.o
                0x0800a8b4                xTimerCreateTimerTask
 .text.xTimerGenericCommand
                0x0800a948       0x9c ./Middlewares/FreeRTOS/timers.o
                0x0800a948                xTimerGenericCommand
 .text.prvProcessExpiredTimer
                0x0800a9e4       0x9c ./Middlewares/FreeRTOS/timers.o
 .text.prvTimerTask
                0x0800aa80       0x26 ./Middlewares/FreeRTOS/timers.o
 *fill*         0x0800aaa6        0x2 
 .text.prvProcessTimerOrBlockTask
                0x0800aaa8       0x9c ./Middlewares/FreeRTOS/timers.o
 .text.prvGetNextExpireTime
                0x0800ab44       0x48 ./Middlewares/FreeRTOS/timers.o
 .text.prvSampleTimeNow
                0x0800ab8c       0x40 ./Middlewares/FreeRTOS/timers.o
 .text.prvInsertTimerInActiveList
                0x0800abcc       0x84 ./Middlewares/FreeRTOS/timers.o
 .text.prvProcessReceivedCommands
                0x0800ac50      0x1cc ./Middlewares/FreeRTOS/timers.o
 .text.prvSwitchTimerLists
                0x0800ae1c       0xcc ./Middlewares/FreeRTOS/timers.o
 .text.prvCheckForValidListAndQueue
                0x0800aee8       0x80 ./Middlewares/FreeRTOS/timers.o
 .text.atoi     0x0800af68        0x8 C:/ST/STM32CubeIDE_1.19.0/STM32CubeIDE/plugins/com.st.stm32cube.ide.mcu.externaltools.gnu-tools-for-stm32.13.3.rel1.win32_1.0.0.202411081344/tools/bin/../lib/gcc/arm-none-eabi/13.3.1/../../../../arm-none-eabi/lib/thumb/v7e-m+fp/hard\libc_nano.a(libc_a-atoi.o)
                0x0800af68                atoi
 .text.srand    0x0800af70       0x5c C:/ST/STM32CubeIDE_1.19.0/STM32CubeIDE/plugins/com.st.stm32cube.ide.mcu.externaltools.gnu-tools-for-stm32.13.3.rel1.win32_1.0.0.202411081344/tools/bin/../lib/gcc/arm-none-eabi/13.3.1/../../../../arm-none-eabi/lib/thumb/v7e-m+fp/hard\libc_nano.a(libc_a-rand.o)
                0x0800af70                srand
 .text.rand     0x0800afcc       0x7c C:/ST/STM32CubeIDE_1.19.0/STM32CubeIDE/plugins/com.st.stm32cube.ide.mcu.externaltools.gnu-tools-for-stm32.13.3.rel1.win32_1.0.0.202411081344/tools/bin/../lib/gcc/arm-none-eabi/13.3.1/../../../../arm-none-eabi/lib/thumb/v7e-m+fp/hard\libc_nano.a(libc_a-rand.o)
                0x0800afcc                rand
 .text._strtol_l.isra.0
                0x0800b048       0xf4 C:/ST/STM32CubeIDE_1.19.0/STM32CubeIDE/plugins/com.st.stm32cube.ide.mcu.externaltools.gnu-tools-for-stm32.13.3.rel1.win32_1.0.0.202411081344/tools/bin/../lib/gcc/arm-none-eabi/13.3.1/../../../../arm-none-eabi/lib/thumb/v7e-m+fp/hard\libc_nano.a(libc_a-strtol.o)
 .text.strtol   0x0800b13c       0x14 C:/ST/STM32CubeIDE_1.19.0/STM32CubeIDE/plugins/com.st.stm32cube.ide.mcu.externaltools.gnu-tools-for-stm32.13.3.rel1.win32_1.0.0.202411081344/tools/bin/../lib/gcc/arm-none-eabi/13.3.1/../../../../arm-none-eabi/lib/thumb/v7e-m+fp/hard\libc_nano.a(libc_a-strtol.o)
                0x0800b13c                strtol
 .text.std      0x0800b150       0x6c C:/ST/STM32CubeIDE_1.19.0/STM32CubeIDE/plugins/com.st.stm32cube.ide.mcu.externaltools.gnu-tools-for-stm32.13.3.rel1.win32_1.0.0.202411081344/tools/bin/../lib/gcc/arm-none-eabi/13.3.1/../../../../arm-none-eabi/lib/thumb/v7e-m+fp/hard\libc_nano.a(libc_a-findfp.o)
 .text.stdio_exit_handler
                0x0800b1bc       0x18 C:/ST/STM32CubeIDE_1.19.0/STM32CubeIDE/plugins/com.st.stm32cube.ide.mcu.externaltools.gnu-tools-for-stm32.13.3.rel1.win32_1.0.0.202411081344/tools/bin/../lib/gcc/arm-none-eabi/13.3.1/../../../../arm-none-eabi/lib/thumb/v7e-m+fp/hard\libc_nano.a(libc_a-findfp.o)
 .text.cleanup_stdio
                0x0800b1d4       0x40 C:/ST/STM32CubeIDE_1.19.0/STM32CubeIDE/plugins/com.st.stm32cube.ide.mcu.externaltools.gnu-tools-for-stm32.13.3.rel1.win32_1.0.0.202411081344/tools/bin/../lib/gcc/arm-none-eabi/13.3.1/../../../../arm-none-eabi/lib/thumb/v7e-m+fp/hard\libc_nano.a(libc_a-findfp.o)
 .text.global_stdio_init.part.0
                0x0800b214       0x3c C:/ST/STM32CubeIDE_1.19.0/STM32CubeIDE/plugins/com.st.stm32cube.ide.mcu.externaltools.gnu-tools-for-stm32.13.3.rel1.win32_1.0.0.202411081344/tools/bin/../lib/gcc/arm-none-eabi/13.3.1/../../../../arm-none-eabi/lib/thumb/v7e-m+fp/hard\libc_nano.a(libc_a-findfp.o)
 .text.__sfp_lock_acquire
                0x0800b250        0xc C:/ST/STM32CubeIDE_1.19.0/STM32CubeIDE/plugins/com.st.stm32cube.ide.mcu.externaltools.gnu-tools-for-stm32.13.3.rel1.win32_1.0.0.202411081344/tools/bin/../lib/gcc/arm-none-eabi/13.3.1/../../../../arm-none-eabi/lib/thumb/v7e-m+fp/hard\libc_nano.a(libc_a-findfp.o)
                0x0800b250                __sfp_lock_acquire
 .text.__sfp_lock_release
                0x0800b25c        0xc C:/ST/STM32CubeIDE_1.19.0/STM32CubeIDE/plugins/com.st.stm32cube.ide.mcu.externaltools.gnu-tools-for-stm32.13.3.rel1.win32_1.0.0.202411081344/tools/bin/../lib/gcc/arm-none-eabi/13.3.1/../../../../arm-none-eabi/lib/thumb/v7e-m+fp/hard\libc_nano.a(libc_a-findfp.o)
                0x0800b25c                __sfp_lock_release
 .text.__sinit  0x0800b268       0x30 C:/ST/STM32CubeIDE_1.19.0/STM32CubeIDE/plugins/com.st.stm32cube.ide.mcu.externaltools.gnu-tools-for-stm32.13.3.rel1.win32_1.0.0.202411081344/tools/bin/../lib/gcc/arm-none-eabi/13.3.1/../../../../arm-none-eabi/lib/thumb/v7e-m+fp/hard\libc_nano.a(libc_a-findfp.o)
                0x0800b268                __sinit
 .text._fwalk_sglue
                0x0800b298       0x3c C:/ST/STM32CubeIDE_1.19.0/STM32CubeIDE/plugins/com.st.stm32cube.ide.mcu.externaltools.gnu-tools-for-stm32.13.3.rel1.win32_1.0.0.202411081344/tools/bin/../lib/gcc/arm-none-eabi/13.3.1/../../../../arm-none-eabi/lib/thumb/v7e-m+fp/hard\libc_nano.a(libc_a-fwalk.o)
                0x0800b298                _fwalk_sglue
 .text.sprintf  0x0800b2d4       0x44 C:/ST/STM32CubeIDE_1.19.0/STM32CubeIDE/plugins/com.st.stm32cube.ide.mcu.externaltools.gnu-tools-for-stm32.13.3.rel1.win32_1.0.0.202411081344/tools/bin/../lib/gcc/arm-none-eabi/13.3.1/../../../../arm-none-eabi/lib/thumb/v7e-m+fp/hard\libc_nano.a(libc_a-sprintf.o)
                0x0800b2d4                siprintf
                0x0800b2d4                sprintf
 .text.__sread  0x0800b318       0x22 C:/ST/STM32CubeIDE_1.19.0/STM32CubeIDE/plugins/com.st.stm32cube.ide.mcu.externaltools.gnu-tools-for-stm32.13.3.rel1.win32_1.0.0.202411081344/tools/bin/../lib/gcc/arm-none-eabi/13.3.1/../../../../arm-none-eabi/lib/thumb/v7e-m+fp/hard\libc_nano.a(libc_a-stdio.o)
                0x0800b318                __sread
 .text.__swrite
                0x0800b33a       0x38 C:/ST/STM32CubeIDE_1.19.0/STM32CubeIDE/plugins/com.st.stm32cube.ide.mcu.externaltools.gnu-tools-for-stm32.13.3.rel1.win32_1.0.0.202411081344/tools/bin/../lib/gcc/arm-none-eabi/13.3.1/../../../../arm-none-eabi/lib/thumb/v7e-m+fp/hard\libc_nano.a(libc_a-stdio.o)
                0x0800b33a                __swrite
 .text.__sseek  0x0800b372       0x24 C:/ST/STM32CubeIDE_1.19.0/STM32CubeIDE/plugins/com.st.stm32cube.ide.mcu.externaltools.gnu-tools-for-stm32.13.3.rel1.win32_1.0.0.202411081344/tools/bin/../lib/gcc/arm-none-eabi/13.3.1/../../../../arm-none-eabi/lib/thumb/v7e-m+fp/hard\libc_nano.a(libc_a-stdio.o)
                0x0800b372                __sseek
 .text.__sclose
                0x0800b396        0x8 C:/ST/STM32CubeIDE_1.19.0/STM32CubeIDE/plugins/com.st.stm32cube.ide.mcu.externaltools.gnu-tools-for-stm32.13.3.rel1.win32_1.0.0.202411081344/tools/bin/../lib/gcc/arm-none-eabi/13.3.1/../../../../arm-none-eabi/lib/thumb/v7e-m+fp/hard\libc_nano.a(libc_a-stdio.o)
                0x0800b396                __sclose
 .text.memset   0x0800b39e       0x10 C:/ST/STM32CubeIDE_1.19.0/STM32CubeIDE/plugins/com.st.stm32cube.ide.mcu.externaltools.gnu-tools-for-stm32.13.3.rel1.win32_1.0.0.202411081344/tools/bin/../lib/gcc/arm-none-eabi/13.3.1/../../../../arm-none-eabi/lib/thumb/v7e-m+fp/hard\libc_nano.a(libc_a-memset.o)
                0x0800b39e                memset
 *fill*         0x0800b3ae        0x2 
 .text._close_r
                0x0800b3b0       0x20 C:/ST/STM32CubeIDE_1.19.0/STM32CubeIDE/plugins/com.st.stm32cube.ide.mcu.externaltools.gnu-tools-for-stm32.13.3.rel1.win32_1.0.0.202411081344/tools/bin/../lib/gcc/arm-none-eabi/13.3.1/../../../../arm-none-eabi/lib/thumb/v7e-m+fp/hard\libc_nano.a(libc_a-closer.o)
                0x0800b3b0                _close_r
 .text._reclaim_reent
                0x0800b3d0       0xbc C:/ST/STM32CubeIDE_1.19.0/STM32CubeIDE/plugins/com.st.stm32cube.ide.mcu.externaltools.gnu-tools-for-stm32.13.3.rel1.win32_1.0.0.202411081344/tools/bin/../lib/gcc/arm-none-eabi/13.3.1/../../../../arm-none-eabi/lib/thumb/v7e-m+fp/hard\libc_nano.a(libc_a-reent.o)
                0x0800b3d0                _reclaim_reent
 .text._lseek_r
                0x0800b48c       0x24 C:/ST/STM32CubeIDE_1.19.0/STM32CubeIDE/plugins/com.st.stm32cube.ide.mcu.externaltools.gnu-tools-for-stm32.13.3.rel1.win32_1.0.0.202411081344/tools/bin/../lib/gcc/arm-none-eabi/13.3.1/../../../../arm-none-eabi/lib/thumb/v7e-m+fp/hard\libc_nano.a(libc_a-lseekr.o)
                0x0800b48c                _lseek_r
 .text._read_r  0x0800b4b0       0x24 C:/ST/STM32CubeIDE_1.19.0/STM32CubeIDE/plugins/com.st.stm32cube.ide.mcu.externaltools.gnu-tools-for-stm32.13.3.rel1.win32_1.0.0.202411081344/tools/bin/../lib/gcc/arm-none-eabi/13.3.1/../../../../arm-none-eabi/lib/thumb/v7e-m+fp/hard\libc_nano.a(libc_a-readr.o)
                0x0800b4b0                _read_r
 .text._write_r
                0x0800b4d4       0x24 C:/ST/STM32CubeIDE_1.19.0/STM32CubeIDE/plugins/com.st.stm32cube.ide.mcu.externaltools.gnu-tools-for-stm32.13.3.rel1.win32_1.0.0.202411081344/tools/bin/../lib/gcc/arm-none-eabi/13.3.1/../../../../arm-none-eabi/lib/thumb/v7e-m+fp/hard\libc_nano.a(libc_a-writer.o)
                0x0800b4d4                _write_r
 .text.__errno  0x0800b4f8        0xc C:/ST/STM32CubeIDE_1.19.0/STM32CubeIDE/plugins/com.st.stm32cube.ide.mcu.externaltools.gnu-tools-for-stm32.13.3.rel1.win32_1.0.0.202411081344/tools/bin/../lib/gcc/arm-none-eabi/13.3.1/../../../../arm-none-eabi/lib/thumb/v7e-m+fp/hard\libc_nano.a(libc_a-errno.o)
                0x0800b4f8                __errno
 .text.__libc_init_array
                0x0800b504       0x48 C:/ST/STM32CubeIDE_1.19.0/STM32CubeIDE/plugins/com.st.stm32cube.ide.mcu.externaltools.gnu-tools-for-stm32.13.3.rel1.win32_1.0.0.202411081344/tools/bin/../lib/gcc/arm-none-eabi/13.3.1/../../../../arm-none-eabi/lib/thumb/v7e-m+fp/hard\libc_nano.a(libc_a-init.o)
                0x0800b504                __libc_init_array
 .text.__retarget_lock_init_recursive
                0x0800b54c        0x2 C:/ST/STM32CubeIDE_1.19.0/STM32CubeIDE/plugins/com.st.stm32cube.ide.mcu.externaltools.gnu-tools-for-stm32.13.3.rel1.win32_1.0.0.202411081344/tools/bin/../lib/gcc/arm-none-eabi/13.3.1/../../../../arm-none-eabi/lib/thumb/v7e-m+fp/hard\libc_nano.a(libc_a-lock.o)
                0x0800b54c                __retarget_lock_init_recursive
 .text.__retarget_lock_acquire_recursive
                0x0800b54e        0x2 C:/ST/STM32CubeIDE_1.19.0/STM32CubeIDE/plugins/com.st.stm32cube.ide.mcu.externaltools.gnu-tools-for-stm32.13.3.rel1.win32_1.0.0.202411081344/tools/bin/../lib/gcc/arm-none-eabi/13.3.1/../../../../arm-none-eabi/lib/thumb/v7e-m+fp/hard\libc_nano.a(libc_a-lock.o)
                0x0800b54e                __retarget_lock_acquire_recursive
 .text.__retarget_lock_release_recursive
                0x0800b550        0x2 C:/ST/STM32CubeIDE_1.19.0/STM32CubeIDE/plugins/com.st.stm32cube.ide.mcu.externaltools.gnu-tools-for-stm32.13.3.rel1.win32_1.0.0.202411081344/tools/bin/../lib/gcc/arm-none-eabi/13.3.1/../../../../arm-none-eabi/lib/thumb/v7e-m+fp/hard\libc_nano.a(libc_a-lock.o)
                0x0800b550                __retarget_lock_release_recursive
 .text.memcpy   0x0800b552       0x1c C:/ST/STM32CubeIDE_1.19.0/STM32CubeIDE/plugins/com.st.stm32cube.ide.mcu.externaltools.gnu-tools-for-stm32.13.3.rel1.win32_1.0.0.202411081344/tools/bin/../lib/gcc/arm-none-eabi/13.3.1/../../../../arm-none-eabi/lib/thumb/v7e-m+fp/hard\libc_nano.a(libc_a-memcpy-stub.o)
                0x0800b552                memcpy
 *fill*         0x0800b56e        0x2 
 .text.__assert_func
                0x0800b570       0x3c C:/ST/STM32CubeIDE_1.19.0/STM32CubeIDE/plugins/com.st.stm32cube.ide.mcu.externaltools.gnu-tools-for-stm32.13.3.rel1.win32_1.0.0.202411081344/tools/bin/../lib/gcc/arm-none-eabi/13.3.1/../../../../arm-none-eabi/lib/thumb/v7e-m+fp/hard\libc_nano.a(libc_a-assert.o)
                0x0800b570                __assert_func
 .text._free_r  0x0800b5ac       0x94 C:/ST/STM32CubeIDE_1.19.0/STM32CubeIDE/plugins/com.st.stm32cube.ide.mcu.externaltools.gnu-tools-for-stm32.13.3.rel1.win32_1.0.0.202411081344/tools/bin/../lib/gcc/arm-none-eabi/13.3.1/../../../../arm-none-eabi/lib/thumb/v7e-m+fp/hard\libc_nano.a(libc_a-freer.o)
                0x0800b5ac                _free_r
 .text.malloc   0x0800b640       0x10 C:/ST/STM32CubeIDE_1.19.0/STM32CubeIDE/plugins/com.st.stm32cube.ide.mcu.externaltools.gnu-tools-for-stm32.13.3.rel1.win32_1.0.0.202411081344/tools/bin/../lib/gcc/arm-none-eabi/13.3.1/../../../../arm-none-eabi/lib/thumb/v7e-m+fp/hard\libc_nano.a(libc_a-malloc.o)
                0x0800b640                malloc
 .text.sbrk_aligned
                0x0800b650       0x44 C:/ST/STM32CubeIDE_1.19.0/STM32CubeIDE/plugins/com.st.stm32cube.ide.mcu.externaltools.gnu-tools-for-stm32.13.3.rel1.win32_1.0.0.202411081344/tools/bin/../lib/gcc/arm-none-eabi/13.3.1/../../../../arm-none-eabi/lib/thumb/v7e-m+fp/hard\libc_nano.a(libc_a-mallocr.o)
 .text._malloc_r
                0x0800b694      0x100 C:/ST/STM32CubeIDE_1.19.0/STM32CubeIDE/plugins/com.st.stm32cube.ide.mcu.externaltools.gnu-tools-for-stm32.13.3.rel1.win32_1.0.0.202411081344/tools/bin/../lib/gcc/arm-none-eabi/13.3.1/../../../../arm-none-eabi/lib/thumb/v7e-m+fp/hard\libc_nano.a(libc_a-mallocr.o)
                0x0800b694                _malloc_r
 .text.__malloc_lock
                0x0800b794        0xc C:/ST/STM32CubeIDE_1.19.0/STM32CubeIDE/plugins/com.st.stm32cube.ide.mcu.externaltools.gnu-tools-for-stm32.13.3.rel1.win32_1.0.0.202411081344/tools/bin/../lib/gcc/arm-none-eabi/13.3.1/../../../../arm-none-eabi/lib/thumb/v7e-m+fp/hard\libc_nano.a(libc_a-mlock.o)
                0x0800b794                __malloc_lock
 .text.__malloc_unlock
                0x0800b7a0        0xc C:/ST/STM32CubeIDE_1.19.0/STM32CubeIDE/plugins/com.st.stm32cube.ide.mcu.externaltools.gnu-tools-for-stm32.13.3.rel1.win32_1.0.0.202411081344/tools/bin/../lib/gcc/arm-none-eabi/13.3.1/../../../../arm-none-eabi/lib/thumb/v7e-m+fp/hard\libc_nano.a(libc_a-mlock.o)
                0x0800b7a0                __malloc_unlock
 .text.__ssputs_r
                0x0800b7ac       0xb6 C:/ST/STM32CubeIDE_1.19.0/STM32CubeIDE/plugins/com.st.stm32cube.ide.mcu.externaltools.gnu-tools-for-stm32.13.3.rel1.win32_1.0.0.202411081344/tools/bin/../lib/gcc/arm-none-eabi/13.3.1/../../../../arm-none-eabi/lib/thumb/v7e-m+fp/hard\libc_nano.a(libc_a-nano-svfprintf.o)
                0x0800b7ac                __ssputs_r
 *fill*         0x0800b862        0x2 
 .text._svfprintf_r
                0x0800b864      0x1f8 C:/ST/STM32CubeIDE_1.19.0/STM32CubeIDE/plugins/com.st.stm32cube.ide.mcu.externaltools.gnu-tools-for-stm32.13.3.rel1.win32_1.0.0.202411081344/tools/bin/../lib/gcc/arm-none-eabi/13.3.1/../../../../arm-none-eabi/lib/thumb/v7e-m+fp/hard\libc_nano.a(libc_a-nano-svfprintf.o)
                0x0800b864                _svfiprintf_r
                0x0800b864                _svfprintf_r
 .text._printf_common
                0x0800ba5c       0xda C:/ST/STM32CubeIDE_1.19.0/STM32CubeIDE/plugins/com.st.stm32cube.ide.mcu.externaltools.gnu-tools-for-stm32.13.3.rel1.win32_1.0.0.202411081344/tools/bin/../lib/gcc/arm-none-eabi/13.3.1/../../../../arm-none-eabi/lib/thumb/v7e-m+fp/hard\libc_nano.a(libc_a-nano-vfprintf_i.o)
                0x0800ba5c                _printf_common
 *fill*         0x0800bb36        0x2 
 .text._printf_i
                0x0800bb38      0x23c C:/ST/STM32CubeIDE_1.19.0/STM32CubeIDE/plugins/com.st.stm32cube.ide.mcu.externaltools.gnu-tools-for-stm32.13.3.rel1.win32_1.0.0.202411081344/tools/bin/../lib/gcc/arm-none-eabi/13.3.1/../../../../arm-none-eabi/lib/thumb/v7e-m+fp/hard\libc_nano.a(libc_a-nano-vfprintf_i.o)
                0x0800bb38                _printf_i
 .text.__sflush_r
                0x0800bd74      0x108 C:/ST/STM32CubeIDE_1.19.0/STM32CubeIDE/plugins/com.st.stm32cube.ide.mcu.externaltools.gnu-tools-for-stm32.13.3.rel1.win32_1.0.0.202411081344/tools/bin/../lib/gcc/arm-none-eabi/13.3.1/../../../../arm-none-eabi/lib/thumb/v7e-m+fp/hard\libc_nano.a(libc_a-fflush.o)
                0x0800bd74                __sflush_r
 .text._fflush_r
                0x0800be7c       0x50 C:/ST/STM32CubeIDE_1.19.0/STM32CubeIDE/plugins/com.st.stm32cube.ide.mcu.externaltools.gnu-tools-for-stm32.13.3.rel1.win32_1.0.0.202411081344/tools/bin/../lib/gcc/arm-none-eabi/13.3.1/../../../../arm-none-eabi/lib/thumb/v7e-m+fp/hard\libc_nano.a(libc_a-fflush.o)
                0x0800be7c                _fflush_r
 .text.fprintf  0x0800becc       0x24 C:/ST/STM32CubeIDE_1.19.0/STM32CubeIDE/plugins/com.st.stm32cube.ide.mcu.externaltools.gnu-tools-for-stm32.13.3.rel1.win32_1.0.0.202411081344/tools/bin/../lib/gcc/arm-none-eabi/13.3.1/../../../../arm-none-eabi/lib/thumb/v7e-m+fp/hard\libc_nano.a(libc_a-fprintf.o)
                0x0800becc                fiprintf
                0x0800becc                fprintf
 .text.memmove  0x0800bef0       0x34 C:/ST/STM32CubeIDE_1.19.0/STM32CubeIDE/plugins/com.st.stm32cube.ide.mcu.externaltools.gnu-tools-for-stm32.13.3.rel1.win32_1.0.0.202411081344/tools/bin/../lib/gcc/arm-none-eabi/13.3.1/../../../../arm-none-eabi/lib/thumb/v7e-m+fp/hard\libc_nano.a(libc_a-memmove.o)
                0x0800bef0                memmove
 .text._sbrk_r  0x0800bf24       0x20 C:/ST/STM32CubeIDE_1.19.0/STM32CubeIDE/plugins/com.st.stm32cube.ide.mcu.externaltools.gnu-tools-for-stm32.13.3.rel1.win32_1.0.0.202411081344/tools/bin/../lib/gcc/arm-none-eabi/13.3.1/../../../../arm-none-eabi/lib/thumb/v7e-m+fp/hard\libc_nano.a(libc_a-sbrkr.o)
                0x0800bf24                _sbrk_r
 .text.abort    0x0800bf44        0xe C:/ST/STM32CubeIDE_1.19.0/STM32CubeIDE/plugins/com.st.stm32cube.ide.mcu.externaltools.gnu-tools-for-stm32.13.3.rel1.win32_1.0.0.202411081344/tools/bin/../lib/gcc/arm-none-eabi/13.3.1/../../../../arm-none-eabi/lib/thumb/v7e-m+fp/hard\libc_nano.a(libc_a-abort.o)
                0x0800bf44                abort
 .text._realloc_r
                0x0800bf52       0x5c C:/ST/STM32CubeIDE_1.19.0/STM32CubeIDE/plugins/com.st.stm32cube.ide.mcu.externaltools.gnu-tools-for-stm32.13.3.rel1.win32_1.0.0.202411081344/tools/bin/../lib/gcc/arm-none-eabi/13.3.1/../../../../arm-none-eabi/lib/thumb/v7e-m+fp/hard\libc_nano.a(libc_a-reallocr.o)
                0x0800bf52                _realloc_r
 .text.__sfputc_r
                0x0800bfae       0x2e C:/ST/STM32CubeIDE_1.19.0/STM32CubeIDE/plugins/com.st.stm32cube.ide.mcu.externaltools.gnu-tools-for-stm32.13.3.rel1.win32_1.0.0.202411081344/tools/bin/../lib/gcc/arm-none-eabi/13.3.1/../../../../arm-none-eabi/lib/thumb/v7e-m+fp/hard\libc_nano.a(libc_a-nano-vfprintf.o)
 .text.__sfputs_r
                0x0800bfdc       0x24 C:/ST/STM32CubeIDE_1.19.0/STM32CubeIDE/plugins/com.st.stm32cube.ide.mcu.externaltools.gnu-tools-for-stm32.13.3.rel1.win32_1.0.0.202411081344/tools/bin/../lib/gcc/arm-none-eabi/13.3.1/../../../../arm-none-eabi/lib/thumb/v7e-m+fp/hard\libc_nano.a(libc_a-nano-vfprintf.o)
                0x0800bfdc                __sfputs_r
 .text._vfprintf_r
                0x0800c000      0x230 C:/ST/STM32CubeIDE_1.19.0/STM32CubeIDE/plugins/com.st.stm32cube.ide.mcu.externaltools.gnu-tools-for-stm32.13.3.rel1.win32_1.0.0.202411081344/tools/bin/../lib/gcc/arm-none-eabi/13.3.1/../../../../arm-none-eabi/lib/thumb/v7e-m+fp/hard\libc_nano.a(libc_a-nano-vfprintf.o)
                0x0800c000                _vfprintf_r
                0x0800c000                _vfiprintf_r
 .text.__swbuf_r
                0x0800c230       0x7c C:/ST/STM32CubeIDE_1.19.0/STM32CubeIDE/plugins/com.st.stm32cube.ide.mcu.externaltools.gnu-tools-for-stm32.13.3.rel1.win32_1.0.0.202411081344/tools/bin/../lib/gcc/arm-none-eabi/13.3.1/../../../../arm-none-eabi/lib/thumb/v7e-m+fp/hard\libc_nano.a(libc_a-wbuf.o)
                0x0800c230                __swbuf_r
 .text.__swsetup_r
                0x0800c2ac       0xac C:/ST/STM32CubeIDE_1.19.0/STM32CubeIDE/plugins/com.st.stm32cube.ide.mcu.externaltools.gnu-tools-for-stm32.13.3.rel1.win32_1.0.0.202411081344/tools/bin/../lib/gcc/arm-none-eabi/13.3.1/../../../../arm-none-eabi/lib/thumb/v7e-m+fp/hard\libc_nano.a(libc_a-wsetup.o)
                0x0800c2ac                __swsetup_r
 .text._raise_r
                0x0800c358       0x50 C:/ST/STM32CubeIDE_1.19.0/STM32CubeIDE/plugins/com.st.stm32cube.ide.mcu.externaltools.gnu-tools-for-stm32.13.3.rel1.win32_1.0.0.202411081344/tools/bin/../lib/gcc/arm-none-eabi/13.3.1/../../../../arm-none-eabi/lib/thumb/v7e-m+fp/hard\libc_nano.a(libc_a-signal.o)
                0x0800c358                _raise_r
 .text.raise    0x0800c3a8       0x10 C:/ST/STM32CubeIDE_1.19.0/STM32CubeIDE/plugins/com.st.stm32cube.ide.mcu.externaltools.gnu-tools-for-stm32.13.3.rel1.win32_1.0.0.202411081344/tools/bin/../lib/gcc/arm-none-eabi/13.3.1/../../../../arm-none-eabi/lib/thumb/v7e-m+fp/hard\libc_nano.a(libc_a-signal.o)
                0x0800c3a8                raise
 .text._kill_r  0x0800c3b8       0x24 C:/ST/STM32CubeIDE_1.19.0/STM32CubeIDE/plugins/com.st.stm32cube.ide.mcu.externaltools.gnu-tools-for-stm32.13.3.rel1.win32_1.0.0.202411081344/tools/bin/../lib/gcc/arm-none-eabi/13.3.1/../../../../arm-none-eabi/lib/thumb/v7e-m+fp/hard\libc_nano.a(libc_a-signalr.o)
                0x0800c3b8                _kill_r
 .text._getpid_r
                0x0800c3dc        0x4 C:/ST/STM32CubeIDE_1.19.0/STM32CubeIDE/plugins/com.st.stm32cube.ide.mcu.externaltools.gnu-tools-for-stm32.13.3.rel1.win32_1.0.0.202411081344/tools/bin/../lib/gcc/arm-none-eabi/13.3.1/../../../../arm-none-eabi/lib/thumb/v7e-m+fp/hard\libc_nano.a(libc_a-signalr.o)
                0x0800c3dc                _getpid_r
 .text._malloc_usable_size_r
                0x0800c3e0       0x10 C:/ST/STM32CubeIDE_1.19.0/STM32CubeIDE/plugins/com.st.stm32cube.ide.mcu.externaltools.gnu-tools-for-stm32.13.3.rel1.win32_1.0.0.202411081344/tools/bin/../lib/gcc/arm-none-eabi/13.3.1/../../../../arm-none-eabi/lib/thumb/v7e-m+fp/hard\libc_nano.a(libc_a-msizer.o)
                0x0800c3e0                _malloc_usable_size_r
 .text.__swhatbuf_r
                0x0800c3f0       0x4c C:/ST/STM32CubeIDE_1.19.0/STM32CubeIDE/plugins/com.st.stm32cube.ide.mcu.externaltools.gnu-tools-for-stm32.13.3.rel1.win32_1.0.0.202411081344/tools/bin/../lib/gcc/arm-none-eabi/13.3.1/../../../../arm-none-eabi/lib/thumb/v7e-m+fp/hard\libc_nano.a(libc_a-makebuf.o)
                0x0800c3f0                __swhatbuf_r
 .text.__smakebuf_r
                0x0800c43c       0x78 C:/ST/STM32CubeIDE_1.19.0/STM32CubeIDE/plugins/com.st.stm32cube.ide.mcu.externaltools.gnu-tools-for-stm32.13.3.rel1.win32_1.0.0.202411081344/tools/bin/../lib/gcc/arm-none-eabi/13.3.1/../../../../arm-none-eabi/lib/thumb/v7e-m+fp/hard\libc_nano.a(libc_a-makebuf.o)
                0x0800c43c                __smakebuf_r
 .text._fstat_r
                0x0800c4b4       0x24 C:/ST/STM32CubeIDE_1.19.0/STM32CubeIDE/plugins/com.st.stm32cube.ide.mcu.externaltools.gnu-tools-for-stm32.13.3.rel1.win32_1.0.0.202411081344/tools/bin/../lib/gcc/arm-none-eabi/13.3.1/../../../../arm-none-eabi/lib/thumb/v7e-m+fp/hard\libc_nano.a(libc_a-fstatr.o)
                0x0800c4b4                _fstat_r
 .text._isatty_r
                0x0800c4d8       0x20 C:/ST/STM32CubeIDE_1.19.0/STM32CubeIDE/plugins/com.st.stm32cube.ide.mcu.externaltools.gnu-tools-for-stm32.13.3.rel1.win32_1.0.0.202411081344/tools/bin/../lib/gcc/arm-none-eabi/13.3.1/../../../../arm-none-eabi/lib/thumb/v7e-m+fp/hard\libc_nano.a(libc_a-isattyr.o)
                0x0800c4d8                _isatty_r
 *(.glue_7)
 .glue_7        0x0800c4f8        0x0 linker stubs
 *(.glue_7t)
 .glue_7t       0x0800c4f8        0x0 linker stubs
 *(.eh_frame)
 .eh_frame      0x0800c4f8        0x0 C:/ST/STM32CubeIDE_1.19.0/STM32CubeIDE/plugins/com.st.stm32cube.ide.mcu.externaltools.gnu-tools-for-stm32.13.3.rel1.win32_1.0.0.202411081344/tools/bin/../lib/gcc/arm-none-eabi/13.3.1/thumb/v7e-m+fp/hard/crtbegin.o
 *(.init)
 .init          0x0800c4f8        0x4 C:/ST/STM32CubeIDE_1.19.0/STM32CubeIDE/plugins/com.st.stm32cube.ide.mcu.externaltools.gnu-tools-for-stm32.13.3.rel1.win32_1.0.0.202411081344/tools/bin/../lib/gcc/arm-none-eabi/13.3.1/thumb/v7e-m+fp/hard/crti.o
                0x0800c4f8                _init
 .init          0x0800c4fc        0x8 C:/ST/STM32CubeIDE_1.19.0/STM32CubeIDE/plugins/com.st.stm32cube.ide.mcu.externaltools.gnu-tools-for-stm32.13.3.rel1.win32_1.0.0.202411081344/tools/bin/../lib/gcc/arm-none-eabi/13.3.1/thumb/v7e-m+fp/hard/crtn.o
 *(.fini)
 .fini          0x0800c504        0x4 C:/ST/STM32CubeIDE_1.19.0/STM32CubeIDE/plugins/com.st.stm32cube.ide.mcu.externaltools.gnu-tools-for-stm32.13.3.rel1.win32_1.0.0.202411081344/tools/bin/../lib/gcc/arm-none-eabi/13.3.1/thumb/v7e-m+fp/hard/crti.o
                0x0800c504                _fini
 .fini          0x0800c508        0x8 C:/ST/STM32CubeIDE_1.19.0/STM32CubeIDE/plugins/com.st.stm32cube.ide.mcu.externaltools.gnu-tools-for-stm32.13.3.rel1.win32_1.0.0.202411081344/tools/bin/../lib/gcc/arm-none-eabi/13.3.1/thumb/v7e-m+fp/hard/crtn.o
                0x0800c510                        . = ALIGN (0x4)
                0x0800c510                        _etext = .

.vfp11_veneer   0x0800c510        0x0
 .vfp11_veneer  0x0800c510        0x0 linker stubs

.v4_bx          0x0800c510        0x0
 .v4_bx         0x0800c510        0x0 linker stubs

.iplt           0x0800c510        0x0
 .iplt          0x0800c510        0x0 C:/ST/STM32CubeIDE_1.19.0/STM32CubeIDE/plugins/com.st.stm32cube.ide.mcu.externaltools.gnu-tools-for-stm32.13.3.rel1.win32_1.0.0.202411081344/tools/bin/../lib/gcc/arm-none-eabi/13.3.1/thumb/v7e-m+fp/hard/crtbegin.o

.rodata         0x0800c510      0x30c
                0x0800c510                        . = ALIGN (0x4)
 *(.rodata)
 .rodata        0x0800c510       0x8d ./Application/User/Core/main.o
 *fill*         0x0800c59d        0x3 
 .rodata        0x0800c5a0        0x5 ./Middlewares/FreeRTOS/tasks.o
 *fill*         0x0800c5a5        0x3 
 .rodata        0x0800c5a8        0xd ./Middlewares/FreeRTOS/timers.o
 *(.rodata*)
 *fill*         0x0800c5b5        0x3 
 .rodata.defaultTask_attributes
                0x0800c5b8       0x24 ./Application/User/Core/main.o
                0x0800c5b8                defaultTask_attributes
 .rodata.JoyStickTask_attributes
                0x0800c5dc       0x24 ./Application/User/Core/main.o
                0x0800c5dc                JoyStickTask_attributes
 .rodata.BGMTask_attributes
                0x0800c600       0x24 ./Application/User/Core/main.o
                0x0800c600                BGMTask_attributes
 .rodata.AHBPrescTable
                0x0800c624       0x10 ./Drivers/CMSIS/system_stm32f4xx.o
                0x0800c624                AHBPrescTable
 .rodata.APBPrescTable
                0x0800c634        0x8 ./Drivers/CMSIS/system_stm32f4xx.o
                0x0800c634                APBPrescTable
 .rodata.srand.str1.1
                0x0800c63c       0xde C:/ST/STM32CubeIDE_1.19.0/STM32CubeIDE/plugins/com.st.stm32cube.ide.mcu.externaltools.gnu-tools-for-stm32.13.3.rel1.win32_1.0.0.202411081344/tools/bin/../lib/gcc/arm-none-eabi/13.3.1/../../../../arm-none-eabi/lib/thumb/v7e-m+fp/hard\libc_nano.a(libc_a-rand.o)
                                 0x6f (size before relaxing)
 .rodata._ctype_
                0x0800c71a      0x101 C:/ST/STM32CubeIDE_1.19.0/STM32CubeIDE/plugins/com.st.stm32cube.ide.mcu.externaltools.gnu-tools-for-stm32.13.3.rel1.win32_1.0.0.202411081344/tools/bin/../lib/gcc/arm-none-eabi/13.3.1/../../../../arm-none-eabi/lib/thumb/v7e-m+fp/hard\libc_nano.a(libc_a-ctype_.o)
                0x0800c71a                _ctype_
 .rodata.__assert_func.str1.1
                0x0800c81b       0x3d C:/ST/STM32CubeIDE_1.19.0/STM32CubeIDE/plugins/com.st.stm32cube.ide.mcu.externaltools.gnu-tools-for-stm32.13.3.rel1.win32_1.0.0.202411081344/tools/bin/../lib/gcc/arm-none-eabi/13.3.1/../../../../arm-none-eabi/lib/thumb/v7e-m+fp/hard\libc_nano.a(libc_a-assert.o)
 .rodata._svfprintf_r.str1.1
                0x0800c81b       0x11 C:/ST/STM32CubeIDE_1.19.0/STM32CubeIDE/plugins/com.st.stm32cube.ide.mcu.externaltools.gnu-tools-for-stm32.13.3.rel1.win32_1.0.0.202411081344/tools/bin/../lib/gcc/arm-none-eabi/13.3.1/../../../../arm-none-eabi/lib/thumb/v7e-m+fp/hard\libc_nano.a(libc_a-nano-svfprintf.o)
 .rodata._printf_i.str1.1
                0x0800c81b       0x22 C:/ST/STM32CubeIDE_1.19.0/STM32CubeIDE/plugins/com.st.stm32cube.ide.mcu.externaltools.gnu-tools-for-stm32.13.3.rel1.win32_1.0.0.202411081344/tools/bin/../lib/gcc/arm-none-eabi/13.3.1/../../../../arm-none-eabi/lib/thumb/v7e-m+fp/hard\libc_nano.a(libc_a-nano-vfprintf_i.o)
 .rodata._vfprintf_r.str1.1
                0x0800c81b       0x11 C:/ST/STM32CubeIDE_1.19.0/STM32CubeIDE/plugins/com.st.stm32cube.ide.mcu.externaltools.gnu-tools-for-stm32.13.3.rel1.win32_1.0.0.202411081344/tools/bin/../lib/gcc/arm-none-eabi/13.3.1/../../../../arm-none-eabi/lib/thumb/v7e-m+fp/hard\libc_nano.a(libc_a-nano-vfprintf.o)
                0x0800c858                        . = ALIGN (0x4)
 *fill*         0x0800c81b        0x1 

.ARM.extab      0x0800c81c        0x0
                0x0800c81c                        . = ALIGN (0x4)
 *(.ARM.extab* .gnu.linkonce.armextab.*)
                0x0800c81c                        . = ALIGN (0x4)

.ARM            0x0800c81c        0x8
                0x0800c81c                        . = ALIGN (0x4)
                0x0800c81c                        __exidx_start = .
 *(.ARM.exidx*)
 .ARM.exidx     0x0800c81c        0x8 C:/ST/STM32CubeIDE_1.19.0/STM32CubeIDE/plugins/com.st.stm32cube.ide.mcu.externaltools.gnu-tools-for-stm32.13.3.rel1.win32_1.0.0.202411081344/tools/bin/../lib/gcc/arm-none-eabi/13.3.1/../../../../arm-none-eabi/lib/thumb/v7e-m+fp/hard\libc_nano.a(libc_a-strlen.o)
 .ARM.exidx     0x0800c824        0x0 C:/ST/STM32CubeIDE_1.19.0/STM32CubeIDE/plugins/com.st.stm32cube.ide.mcu.externaltools.gnu-tools-for-stm32.13.3.rel1.win32_1.0.0.202411081344/tools/bin/../lib/gcc/arm-none-eabi/13.3.1/../../../../arm-none-eabi/lib/thumb/v7e-m+fp/hard\libc_nano.a(libc_a-memchr.o)
                                  0x8 (size before relaxing)
 .ARM.exidx     0x0800c824        0x0 C:/ST/STM32CubeIDE_1.19.0/STM32CubeIDE/plugins/com.st.stm32cube.ide.mcu.externaltools.gnu-tools-for-stm32.13.3.rel1.win32_1.0.0.202411081344/tools/bin/../lib/gcc/arm-none-eabi/13.3.1/thumb/v7e-m+fp/hard\libgcc.a(_udivmoddi4.o)
                                  0x8 (size before relaxing)
                0x0800c824                        __exidx_end = .
                0x0800c824                        . = ALIGN (0x4)

.preinit_array  0x0800c824        0x0
                0x0800c824                        . = ALIGN (0x4)
                0x0800c824                        PROVIDE (__preinit_array_start = .)
 *(.preinit_array*)
                0x0800c824                        PROVIDE (__preinit_array_end = .)
                0x0800c824                        . = ALIGN (0x4)

.init_array     0x0800c824        0x4
                0x0800c824                        . = ALIGN (0x4)
                0x0800c824                        PROVIDE (__init_array_start = .)
 *(SORT_BY_NAME(.init_array.*))
 *(.init_array*)
 .init_array    0x0800c824        0x4 C:/ST/STM32CubeIDE_1.19.0/STM32CubeIDE/plugins/com.st.stm32cube.ide.mcu.externaltools.gnu-tools-for-stm32.13.3.rel1.win32_1.0.0.202411081344/tools/bin/../lib/gcc/arm-none-eabi/13.3.1/thumb/v7e-m+fp/hard/crtbegin.o
                0x0800c828                        PROVIDE (__init_array_end = .)
                0x0800c828                        . = ALIGN (0x4)

.fini_array     0x0800c828        0x4
                0x0800c828                        . = ALIGN (0x4)
                [!provide]                        PROVIDE (__fini_array_start = .)
 *(SORT_BY_NAME(.fini_array.*))
 *(.fini_array*)
 .fini_array    0x0800c828        0x4 C:/ST/STM32CubeIDE_1.19.0/STM32CubeIDE/plugins/com.st.stm32cube.ide.mcu.externaltools.gnu-tools-for-stm32.13.3.rel1.win32_1.0.0.202411081344/tools/bin/../lib/gcc/arm-none-eabi/13.3.1/thumb/v7e-m+fp/hard/crtbegin.o
                [!provide]                        PROVIDE (__fini_array_end = .)
                0x0800c82c                        . = ALIGN (0x4)
                0x0800c82c                        _sidata = LOADADDR (.data)

.rel.dyn        0x0800c82c        0x0
 .rel.iplt      0x0800c82c        0x0 C:/ST/STM32CubeIDE_1.19.0/STM32CubeIDE/plugins/com.st.stm32cube.ide.mcu.externaltools.gnu-tools-for-stm32.13.3.rel1.win32_1.0.0.202411081344/tools/bin/../lib/gcc/arm-none-eabi/13.3.1/thumb/v7e-m+fp/hard/crtbegin.o

.data           0x20000000      0x308 load address 0x0800c82c
                0x20000000                        . = ALIGN (0x4)
                0x20000000                        _sdata = .
 *(.data)
 *(.data*)
 .data.tank_melody
                0x20000000       0xc0 ./Application/User/Core/buzzer.o
                0x20000000                tank_melody
 .data.tank_noteDurations
                0x200000c0       0xc0 ./Application/User/Core/buzzer.o
                0x200000c0                tank_noteDurations
 .data.main_melody
                0x20000180       0x80 ./Application/User/Core/buzzer.o
                0x20000180                main_melody
 .data.main_noteDurations
                0x20000200       0x80 ./Application/User/Core/buzzer.o
                0x20000200                main_noteDurations
 .data.object_moving_distance
                0x20000280        0x1 ./Application/User/Core/main.o
                0x20000280                object_moving_distance
 .data.maxX     0x20000281        0x1 ./Application/User/Core/main.o
                0x20000281                maxX
 .data.maxY     0x20000282        0x1 ./Application/User/Core/main.o
                0x20000282                maxY
 *fill*         0x20000283        0x1 
 .data.menus    0x20000284       0x14 ./Application/User/Core/main.o
                0x20000284                menus
 .data.shooting_game_level
                0x20000298        0x1 ./Application/User/Core/main.o
                0x20000298                shooting_game_level
 .data.bullet_moving_distance
                0x20000299        0x1 ./Application/User/Core/main.o
                0x20000299                bullet_moving_distance
 .data.bullet_size
                0x2000029a        0x1 ./Application/User/Core/main.o
                0x2000029a                bullet_size
 *fill*         0x2000029b        0x1 
 .data.SystemCoreClock
                0x2000029c        0x4 ./Drivers/CMSIS/system_stm32f4xx.o
                0x2000029c                SystemCoreClock
 .data.uwTickPrio
                0x200002a0        0x4 ./Drivers/STM32F4xx_HAL_Driver/stm32f4xx_hal.o
                0x200002a0                uwTickPrio
 .data.uwTickFreq
                0x200002a4        0x1 ./Drivers/STM32F4xx_HAL_Driver/stm32f4xx_hal.o
                0x200002a4                uwTickFreq
 *fill*         0x200002a5        0x3 
 .data.uxCriticalNesting
                0x200002a8        0x4 ./Middlewares/FreeRTOS/port.o
 .data.__sglue  0x200002ac        0xc C:/ST/STM32CubeIDE_1.19.0/STM32CubeIDE/plugins/com.st.stm32cube.ide.mcu.externaltools.gnu-tools-for-stm32.13.3.rel1.win32_1.0.0.202411081344/tools/bin/../lib/gcc/arm-none-eabi/13.3.1/../../../../arm-none-eabi/lib/thumb/v7e-m+fp/hard\libc_nano.a(libc_a-findfp.o)
                0x200002ac                __sglue
 .data._impure_ptr
                0x200002b8        0x4 C:/ST/STM32CubeIDE_1.19.0/STM32CubeIDE/plugins/com.st.stm32cube.ide.mcu.externaltools.gnu-tools-for-stm32.13.3.rel1.win32_1.0.0.202411081344/tools/bin/../lib/gcc/arm-none-eabi/13.3.1/../../../../arm-none-eabi/lib/thumb/v7e-m+fp/hard\libc_nano.a(libc_a-impure.o)
                0x200002b8                _impure_ptr
 .data._impure_data
                0x200002bc       0x4c C:/ST/STM32CubeIDE_1.19.0/STM32CubeIDE/plugins/com.st.stm32cube.ide.mcu.externaltools.gnu-tools-for-stm32.13.3.rel1.win32_1.0.0.202411081344/tools/bin/../lib/gcc/arm-none-eabi/13.3.1/../../../../arm-none-eabi/lib/thumb/v7e-m+fp/hard\libc_nano.a(libc_a-impure.o)
                0x200002bc                _impure_data
 *(.RamFunc)
 *(.RamFunc*)
                0x20000308                        . = ALIGN (0x4)
                0x20000308                        _edata = .

.igot.plt       0x20000308        0x0 load address 0x0800cb34
 .igot.plt      0x20000308        0x0 C:/ST/STM32CubeIDE_1.19.0/STM32CubeIDE/plugins/com.st.stm32cube.ide.mcu.externaltools.gnu-tools-for-stm32.13.3.rel1.win32_1.0.0.202411081344/tools/bin/../lib/gcc/arm-none-eabi/13.3.1/thumb/v7e-m+fp/hard/crtbegin.o
                0x20000308                        . = ALIGN (0x4)

.bss            0x20000308     0x4f94 load address 0x0800cb34
                0x20000308                        _sbss = .
                0x20000308                        __bss_start__ = _sbss
 *(.bss)
 .bss           0x20000308       0x1c C:/ST/STM32CubeIDE_1.19.0/STM32CubeIDE/plugins/com.st.stm32cube.ide.mcu.externaltools.gnu-tools-for-stm32.13.3.rel1.win32_1.0.0.202411081344/tools/bin/../lib/gcc/arm-none-eabi/13.3.1/thumb/v7e-m+fp/hard/crtbegin.o
 *(.bss*)
 .bss.button_press.0
                0x20000324        0x1 ./Application/User/Core/joystick.o
 *fill*         0x20000325        0x3 
 .bss.map       0x20000328       0xa0 ./Application/User/Core/main.o
                0x20000328                map
 .bss.display_index
                0x200003c8       0x20 ./Application/User/Core/main.o
                0x200003c8                display_index
 .bss.last_display_index
                0x200003e8        0x4 ./Application/User/Core/main.o
                0x200003e8                last_display_index
 .bss.g_flag    0x200003ec        0x1 ./Application/User/Core/main.o
                0x200003ec                g_flag
 *fill*         0x200003ed        0x1 
 .bss.g_tick    0x200003ee        0x2 ./Application/User/Core/main.o
                0x200003ee                g_tick
 .bss.g_prv_scene
                0x200003f0        0x1 ./Application/User/Core/main.o
                0x200003f0                g_prv_scene
 .bss.g_cur_scene
                0x200003f1        0x1 ./Application/User/Core/main.o
                0x200003f1                g_cur_scene
 .bss.g_nxt_scene
                0x200003f2        0x1 ./Application/User/Core/main.o
                0x200003f2                g_nxt_scene
 .bss.g_input_x
                0x200003f3        0x1 ./Application/User/Core/main.o
                0x200003f3                g_input_x
 .bss.g_input_y
                0x200003f4        0x1 ./Application/User/Core/main.o
                0x200003f4                g_input_y
 .bss.g_input_sw
                0x200003f5        0x1 ./Application/User/Core/main.o
                0x200003f5                g_input_sw
 *fill*         0x200003f6        0x2 
 .bss.hadc1     0x200003f8       0x48 ./Application/User/Core/main.o
                0x200003f8                hadc1
 .bss.hi2c1     0x20000440       0x54 ./Application/User/Core/main.o
                0x20000440                hi2c1
 .bss.htim2     0x20000494       0x48 ./Application/User/Core/main.o
                0x20000494                htim2
 .bss.huart1    0x200004dc       0x48 ./Application/User/Core/main.o
                0x200004dc                huart1
 .bss.huart2    0x20000524       0x48 ./Application/User/Core/main.o
                0x20000524                huart2
 .bss.defaultTaskHandle
                0x2000056c        0x4 ./Application/User/Core/main.o
                0x2000056c                defaultTaskHandle
 .bss.JoyStickTaskHandle
                0x20000570        0x4 ./Application/User/Core/main.o
                0x20000570                JoyStickTaskHandle
 .bss.BGMTaskHandle
                0x20000574        0x4 ./Application/User/Core/main.o
                0x20000574                BGMTaskHandle
 .bss.hjs       0x20000578       0x20 ./Application/User/Core/main.o
                0x20000578                hjs
 .bss.tracker   0x20000598        0x6 ./Application/User/Core/main.o
                0x20000598                tracker
 *fill*         0x2000059e        0x2 
 .bss.myBuzzer  0x200005a0       0x10 ./Application/User/Core/main.o
                0x200005a0                myBuzzer
 .bss.uart1_rx_buf
                0x200005b0        0x1 ./Application/User/Core/main.o
                0x200005b0                uart1_rx_buf
 .bss.uart2_rx_buf
                0x200005b1        0x1 ./Application/User/Core/main.o
                0x200005b1                uart2_rx_buf
 *fill*         0x200005b2        0x2 
 .bss.rx1_buffer
                0x200005b4       0x80 ./Application/User/Core/main.o
                0x200005b4                rx1_buffer
 .bss.rx2_buffer
                0x20000634       0x80 ./Application/User/Core/main.o
                0x20000634                rx2_buffer
 .bss.rx1_index
                0x200006b4        0x1 ./Application/User/Core/main.o
                0x200006b4                rx1_index
 .bss.rx2_index
                0x200006b5        0x1 ./Application/User/Core/main.o
                0x200006b5                rx2_index
 .bss.minX      0x200006b6        0x1 ./Application/User/Core/main.o
                0x200006b6                minX
 .bss.minY      0x200006b7        0x1 ./Application/User/Core/main.o
                0x200006b7                minY
 .bss.head      0x200006b8        0x3 ./Application/User/Core/main.o
                0x200006b8                head
 *fill*         0x200006bb        0x1 
 .bss.tail      0x200006bc        0x3 ./Application/User/Core/main.o
                0x200006bc                tail
 *fill*         0x200006bf        0x1 
 .bss.target_pos
                0x200006c0        0x2 ./Application/User/Core/main.o
                0x200006c0                target_pos
 .bss.cur_menu_select
                0x200006c2        0x1 ./Application/User/Core/main.o
                0x200006c2                cur_menu_select
 .bss.menu_scroll_offset
                0x200006c3        0x1 ./Application/User/Core/main.o
                0x200006c3                menu_scroll_offset
 .bss.player    0x200006c4        0x3 ./Application/User/Core/main.o
                0x200006c4                player
 *fill*         0x200006c7        0x1 
 .bss.bullets   0x200006c8       0x30 ./Application/User/Core/main.o
                0x200006c8                bullets
 .bss.walls     0x200006f8       0x18 ./Application/User/Core/main.o
                0x200006f8                walls
 .bss.wall_delay
                0x20000710        0x1 ./Application/User/Core/main.o
                0x20000710                wall_delay
 *fill*         0x20000711        0x3 
 .bss.lcd_i2c   0x20000714        0x4 ./Application/User/Core/my_lcd_i2c.o
 .bss.htim1     0x20000718       0x48 ./Application/User/Core/stm32f4xx_hal_timebase_tim.o
                0x20000718                htim1
 .bss.__sbrk_heap_end
                0x20000760        0x4 ./Application/User/Core/sysmem.o
 .bss.uwTick    0x20000764        0x4 ./Drivers/STM32F4xx_HAL_Driver/stm32f4xx_hal.o
                0x20000764                uwTick
 .bss.KernelState
                0x20000768        0x4 ./Middlewares/FreeRTOS/cmsis_os2.o
 .bss.Idle_TCB.3
                0x2000076c       0xa8 ./Middlewares/FreeRTOS/cmsis_os2.o
 .bss.Idle_Stack.2
                0x20000814      0x200 ./Middlewares/FreeRTOS/cmsis_os2.o
 .bss.Timer_TCB.1
                0x20000a14       0xa8 ./Middlewares/FreeRTOS/cmsis_os2.o
 .bss.Timer_Stack.0
                0x20000abc      0x400 ./Middlewares/FreeRTOS/cmsis_os2.o
 .bss.ucHeap    0x20000ebc     0x3c00 ./Middlewares/FreeRTOS/heap_4.o
 .bss.xStart    0x20004abc        0x8 ./Middlewares/FreeRTOS/heap_4.o
 .bss.pxEnd     0x20004ac4        0x4 ./Middlewares/FreeRTOS/heap_4.o
 .bss.xFreeBytesRemaining
                0x20004ac8        0x4 ./Middlewares/FreeRTOS/heap_4.o
 .bss.xMinimumEverFreeBytesRemaining
                0x20004acc        0x4 ./Middlewares/FreeRTOS/heap_4.o
 .bss.xNumberOfSuccessfulAllocations
                0x20004ad0        0x4 ./Middlewares/FreeRTOS/heap_4.o
 .bss.xNumberOfSuccessfulFrees
                0x20004ad4        0x4 ./Middlewares/FreeRTOS/heap_4.o
 .bss.xBlockAllocatedBit
                0x20004ad8        0x4 ./Middlewares/FreeRTOS/heap_4.o
 .bss.ucMaxSysCallPriority
                0x20004adc        0x1 ./Middlewares/FreeRTOS/port.o
 *fill*         0x20004add        0x3 
 .bss.ulMaxPRIGROUPValue
                0x20004ae0        0x4 ./Middlewares/FreeRTOS/port.o
 .bss.xQueueRegistry
                0x20004ae4       0x40 ./Middlewares/FreeRTOS/queue.o
                0x20004ae4                xQueueRegistry
 .bss.pxCurrentTCB
                0x20004b24        0x4 ./Middlewares/FreeRTOS/tasks.o
                0x20004b24                pxCurrentTCB
 .bss.pxReadyTasksLists
                0x20004b28      0x460 ./Middlewares/FreeRTOS/tasks.o
 .bss.xDelayedTaskList1
                0x20004f88       0x14 ./Middlewares/FreeRTOS/tasks.o
 .bss.xDelayedTaskList2
                0x20004f9c       0x14 ./Middlewares/FreeRTOS/tasks.o
 .bss.pxDelayedTaskList
                0x20004fb0        0x4 ./Middlewares/FreeRTOS/tasks.o
 .bss.pxOverflowDelayedTaskList
                0x20004fb4        0x4 ./Middlewares/FreeRTOS/tasks.o
 .bss.xPendingReadyList
                0x20004fb8       0x14 ./Middlewares/FreeRTOS/tasks.o
 .bss.xTasksWaitingTermination
                0x20004fcc       0x14 ./Middlewares/FreeRTOS/tasks.o
 .bss.uxDeletedTasksWaitingCleanUp
                0x20004fe0        0x4 ./Middlewares/FreeRTOS/tasks.o
 .bss.xSuspendedTaskList
                0x20004fe4       0x14 ./Middlewares/FreeRTOS/tasks.o
 .bss.uxCurrentNumberOfTasks
                0x20004ff8        0x4 ./Middlewares/FreeRTOS/tasks.o
 .bss.xTickCount
                0x20004ffc        0x4 ./Middlewares/FreeRTOS/tasks.o
 .bss.uxTopReadyPriority
                0x20005000        0x4 ./Middlewares/FreeRTOS/tasks.o
 .bss.xSchedulerRunning
                0x20005004        0x4 ./Middlewares/FreeRTOS/tasks.o
 .bss.xPendedTicks
                0x20005008        0x4 ./Middlewares/FreeRTOS/tasks.o
 .bss.xYieldPending
                0x2000500c        0x4 ./Middlewares/FreeRTOS/tasks.o
 .bss.xNumOfOverflows